Component: ARM Compiler 5.06 update 7 (build 960) Tool: armlink [4d3601]

==============================================================================

Section Cross References

    startup_stm32f401xc.o(STACK) refers (Special) to heapauxi.o(.text) for __use_two_region_memory
    startup_stm32f401xc.o(HEAP) refers (Special) to heapauxi.o(.text) for __use_two_region_memory
    startup_stm32f401xc.o(RESET) refers (Special) to heapauxi.o(.text) for __use_two_region_memory
    startup_stm32f401xc.o(RESET) refers to startup_stm32f401xc.o(STACK) for __initial_sp
    startup_stm32f401xc.o(RESET) refers to startup_stm32f401xc.o(.text) for Reset_Handler
    startup_stm32f401xc.o(RESET) refers to stm32f4xx_it.o(i.NMI_Handler) for NMI_Handler
    startup_stm32f401xc.o(RESET) refers to stm32f4xx_it.o(i.HardFault_Handler) for HardFault_Handler
    startup_stm32f401xc.o(RESET) refers to stm32f4xx_it.o(i.MemManage_Handler) for MemManage_Handler
    startup_stm32f401xc.o(RESET) refers to stm32f4xx_it.o(i.BusFault_Handler) for BusFault_Handler
    startup_stm32f401xc.o(RESET) refers to stm32f4xx_it.o(i.UsageFault_Handler) for UsageFault_Handler
    startup_stm32f401xc.o(RESET) refers to port.o(.emb_text) for SVC_Handler
    startup_stm32f401xc.o(RESET) refers to stm32f4xx_it.o(i.DebugMon_Handler) for DebugMon_Handler
    startup_stm32f401xc.o(RESET) refers to port.o(i.SysTick_Handler) for SysTick_Handler
    startup_stm32f401xc.o(RESET) refers to stm32f4xx_it.o(i.TIM1_UP_TIM10_IRQHandler) for TIM1_UP_TIM10_IRQHandler
    startup_stm32f401xc.o(RESET) refers to stm32f4xx_it.o(i.TIM3_IRQHandler) for TIM3_IRQHandler
    startup_stm32f401xc.o(.text) refers (Special) to heapauxi.o(.text) for __use_two_region_memory
    startup_stm32f401xc.o(.text) refers to system_stm32f4xx.o(i.SystemInit) for SystemInit
    startup_stm32f401xc.o(.text) refers to __main.o(!!!main) for __main
    startup_stm32f401xc.o(.text) refers to startup_stm32f401xc.o(HEAP) for Heap_Mem
    startup_stm32f401xc.o(.text) refers to startup_stm32f401xc.o(STACK) for Stack_Mem
    fonts.o(.data) refers to fonts.o(.constdata) for Font7x10
    st7735.o(i.ST7735_DrawImage) refers to st7735.o(i.ST7735_Select) for ST7735_Select
    st7735.o(i.ST7735_DrawImage) refers to st7735.o(i.ST7735_SetAddressWindow) for ST7735_SetAddressWindow
    st7735.o(i.ST7735_DrawImage) refers to st7735.o(i.ST7735_WriteData) for ST7735_WriteData
    st7735.o(i.ST7735_DrawImage) refers to st7735.o(i.ST7735_Unselect) for ST7735_Unselect
    st7735.o(i.ST7735_DrawPixel) refers to st7735.o(i.ST7735_Select) for ST7735_Select
    st7735.o(i.ST7735_DrawPixel) refers to st7735.o(i.ST7735_SetAddressWindow) for ST7735_SetAddressWindow
    st7735.o(i.ST7735_DrawPixel) refers to st7735.o(i.ST7735_WriteData) for ST7735_WriteData
    st7735.o(i.ST7735_DrawPixel) refers to st7735.o(i.ST7735_Unselect) for ST7735_Unselect
    st7735.o(i.ST7735_ExecuteCommandList) refers to st7735.o(i.ST7735_WriteCommand) for ST7735_WriteCommand
    st7735.o(i.ST7735_ExecuteCommandList) refers to st7735.o(i.ST7735_WriteData) for ST7735_WriteData
    st7735.o(i.ST7735_ExecuteCommandList) refers to stm32f4xx_hal.o(i.HAL_Delay) for HAL_Delay
    st7735.o(i.ST7735_FillRectangle) refers to st7735.o(i.ST7735_Select) for ST7735_Select
    st7735.o(i.ST7735_FillRectangle) refers to st7735.o(i.ST7735_SetAddressWindow) for ST7735_SetAddressWindow
    st7735.o(i.ST7735_FillRectangle) refers to stm32f4xx_hal_gpio.o(i.HAL_GPIO_WritePin) for HAL_GPIO_WritePin
    st7735.o(i.ST7735_FillRectangle) refers to stm32f4xx_hal_spi.o(i.HAL_SPI_Transmit) for HAL_SPI_Transmit
    st7735.o(i.ST7735_FillRectangle) refers to st7735.o(i.ST7735_Unselect) for ST7735_Unselect
    st7735.o(i.ST7735_FillRectangle) refers to main.o(.bss) for hspi1
    st7735.o(i.ST7735_FillScreen) refers to st7735.o(i.ST7735_FillRectangle) for ST7735_FillRectangle
    st7735.o(i.ST7735_Init) refers to st7735.o(i.ST7735_Select) for ST7735_Select
    st7735.o(i.ST7735_Init) refers to st7735.o(i.ST7735_Reset) for ST7735_Reset
    st7735.o(i.ST7735_Init) refers to st7735.o(i.ST7735_ExecuteCommandList) for ST7735_ExecuteCommandList
    st7735.o(i.ST7735_Init) refers to st7735.o(i.ST7735_Unselect) for ST7735_Unselect
    st7735.o(i.ST7735_Init) refers to st7735.o(.constdata) for init_cmds1
    st7735.o(i.ST7735_InvertColors) refers to st7735.o(i.ST7735_Select) for ST7735_Select
    st7735.o(i.ST7735_InvertColors) refers to st7735.o(i.ST7735_WriteCommand) for ST7735_WriteCommand
    st7735.o(i.ST7735_InvertColors) refers to st7735.o(i.ST7735_Unselect) for ST7735_Unselect
    st7735.o(i.ST7735_Reset) refers to stm32f4xx_hal_gpio.o(i.HAL_GPIO_WritePin) for HAL_GPIO_WritePin
    st7735.o(i.ST7735_Reset) refers to stm32f4xx_hal.o(i.HAL_Delay) for HAL_Delay
    st7735.o(i.ST7735_Select) refers to stm32f4xx_hal_gpio.o(i.HAL_GPIO_WritePin) for HAL_GPIO_WritePin
    st7735.o(i.ST7735_SetAddressWindow) refers to st7735.o(i.ST7735_WriteCommand) for ST7735_WriteCommand
[...]
    __rt_lib_init_fp_trap_1                  0x0800022f   Thumb Code     0  libinit2.o(.ARM.Collect$$libinit$$0000001F)
    __rt_lib_init_getenv_1                   0x0800022f   Thumb Code     0  libinit2.o(.ARM.Collect$$libinit$$00000023)
    __rt_lib_init_lc_numeric_1               0x0800022f   Thumb Code     0  libinit2.o(.ARM.Collect$$libinit$$00000017)
    __rt_lib_init_lc_time_1                  0x0800022f   Thumb Code     0  libinit2.o(.ARM.Collect$$libinit$$00000019)
    __rt_lib_init_return                     0x0800022f   Thumb Code     0  libinit2.o(.ARM.Collect$$libinit$$00000033)
    __rt_lib_init_signal_1                   0x0800022f   Thumb Code     0  libinit2.o(.ARM.Collect$$libinit$$0000001D)
    __rt_lib_init_stdio_1                    0x0800022f   Thumb Code     0  libinit2.o(.ARM.Collect$$libinit$$00000025)
    __rt_lib_shutdown                        0x08000231   Thumb Code     0  libshutdown.o(.ARM.Collect$$libshutdown$$00000000)
    __rt_lib_shutdown_cpp_1                  0x08000233   Thumb Code     0  libshutdown2.o(.ARM.Collect$$libshutdown$$00000004)
    __rt_lib_shutdown_fini_1                 0x08000233   Thumb Code     0  libshutdown2.o(.ARM.Collect$$libshutdown$$00000002)
    __rt_lib_shutdown_fp_trap_1              0x08000233   Thumb Code     0  libshutdown2.o(.ARM.Collect$$libshutdown$$00000009)
    __rt_lib_shutdown_heap_1                 0x08000233   Thumb Code     0  libshutdown2.o(.ARM.Collect$$libshutdown$$00000011)
    __rt_lib_shutdown_return                 0x08000233   Thumb Code     0  libshutdown2.o(.ARM.Collect$$libshutdown$$00000012)
    __rt_lib_shutdown_signal_1               0x08000233   Thumb Code     0  libshutdown2.o(.ARM.Collect$$libshutdown$$0000000C)
    __rt_lib_shutdown_stdio_1                0x08000233   Thumb Code     0  libshutdown2.o(.ARM.Collect$$libshutdown$$00000006)
    __rt_lib_shutdown_user_alloc_1           0x08000233   Thumb Code     0  libshutdown2.o(.ARM.Collect$$libshutdown$$0000000E)
    __rt_entry                               0x08000235   Thumb Code     0  __rtentry.o(.ARM.Collect$$rtentry$$00000000)
    __rt_entry_presh_1                       0x08000235   Thumb Code     0  __rtentry2.o(.ARM.Collect$$rtentry$$00000002)
    __rt_entry_sh                            0x08000235   Thumb Code     0  __rtentry4.o(.ARM.Collect$$rtentry$$00000004)
    __rt_entry_li                            0x0800023b   Thumb Code     0  __rtentry2.o(.ARM.Collect$$rtentry$$0000000A)
    __rt_entry_postsh_1                      0x0800023b   Thumb Code     0  __rtentry2.o(.ARM.Collect$$rtentry$$00000009)
    __rt_entry_main                          0x0800023f   Thumb Code     0  __rtentry2.o(.ARM.Collect$$rtentry$$0000000D)
    __rt_entry_postli_1                      0x0800023f   Thumb Code     0  __rtentry2.o(.ARM.Collect$$rtentry$$0000000C)
    __rt_exit                                0x08000247   Thumb Code     0  rtexit.o(.ARM.Collect$$rtexit$$00000000)
    __rt_exit_ls                             0x08000249   Thumb Code     0  rtexit2.o(.ARM.Collect$$rtexit$$00000003)
    __rt_exit_prels_1                        0x08000249   Thumb Code     0  rtexit2.o(.ARM.Collect$$rtexit$$00000002)
    __rt_exit_exit                           0x0800024d   Thumb Code     0  rtexit2.o(.ARM.Collect$$rtexit$$00000004)
    SVC_Handler                              0x08000255   Thumb Code    28  port.o(.emb_text)
    __asm___6_port_c_39a90d8d__prvStartFirstTask 0x08000275   Thumb Code    36  port.o(.emb_text)
    __asm___6_port_c_39a90d8d__prvEnableVFP  0x0800029d   Thumb Code    16  port.o(.emb_text)
    PendSV_Handler                           0x080002b1   Thumb Code    88  port.o(.emb_text)
    vPortGetIPSR                             0x0800030d   Thumb Code     6  port.o(.emb_text)
    Reset_Handler                            0x08000315   Thumb Code     8  startup_stm32f401xc.o(.text)
    ADC_IRQHandler                           0x0800032f   Thumb Code     0  startup_stm32f401xc.o(.text)
    DMA1_Stream0_IRQHandler                  0x0800032f   Thumb Code     0  startup_stm32f401xc.o(.text)
    DMA1_Stream1_IRQHandler                  0x0800032f   Thumb Code     0  startup_stm32f401xc.o(.text)
    DMA1_Stream2_IRQHandler                  0x0800032f   Thumb Code     0  startup_stm32f401xc.o(.text)
    DMA1_Stream3_IRQHandler                  0x0800032f   Thumb Code     0  startup_stm32f401xc.o(.text)
    DMA1_Stream4_IRQHandler                  0x0800032f   Thumb Code     0  startup_stm32f401xc.o(.text)
    DMA1_Stream5_IRQHandler                  0x0800032f   Thumb Code     0  startup_stm32f401xc.o(.text)
    DMA1_Stream6_IRQHandler                  0x0800032f   Thumb Code     0  startup_stm32f401xc.o(.text)
    DMA1_Stream7_IRQHandler                  0x0800032f   Thumb Code     0  startup_stm32f401xc.o(.text)
    DMA2_Stream0_IRQHandler                  0x0800032f   Thumb Code     0  startup_stm32f401xc.o(.text)
    DMA2_Stream1_IRQHandler                  0x0800032f   Thumb Code     0  startup_stm32f401xc.o(.text)
    DMA2_Stream2_IRQHandler                  0x0800032f   Thumb Code     0  startup_stm32f401xc.o(.text)
    DMA2_Stream3_IRQHandler                  0x0800032f   Thumb Code     0  startup_stm32f401xc.o(.text)
    DMA2_Stream4_IRQHandler                  0x0800032f   Thumb Code     0  startup_stm32f401xc.o(.text)
    DMA2_Stream5_IRQHandler                  0x0800032f   Thumb Code     0  startup_stm32f401xc.o(.text)
    DMA2_Stream6_IRQHandler                  0x0800032f   Thumb Code     0  startup_stm32f401xc.o(.text)
    DMA2_Stream7_IRQHandler                  0x0800032f   Thumb Code     0  startup_stm32f401xc.o(.text)
    EXTI0_IRQHandler                         0x0800032f   Thumb Code     0  startup_stm32f401xc.o(.text)
    EXTI15_10_IRQHandler                     0x0800032f   Thumb Code     0  startup_stm32f401xc.o(.text)
    EXTI1_IRQHandler                         0x0800032f   Thumb Code     0  startup_stm32f401xc.o(.text)
    EXTI2_IRQHandler                         0x0800032f   Thumb Code     0  startup_stm32f401xc.o(.text)
    EXTI3_IRQHandler                         0x0800032f   Thumb Code     0  startup_stm32f401xc.o(.text)
    EXTI4_IRQHandler                         0x0800032f   Thumb Code     0  startup_stm32f401xc.o(.text)
    EXTI9_5_IRQHandler                       0x0800032f   Thumb Code     0  startup_stm32f401xc.o(.text)
    FLASH_IRQHandler                         0x0800032f   Thumb Code     0  startup_stm32f401xc.o(.text)
    FPU_IRQHandler                           0x0800032f   Thumb Code     0  startup_stm32f401xc.o(.text)
    I2C1_ER_IRQHandler                       0x0800032f   Thumb Code     0  startup_stm32f401xc.o(.text)
    I2C1_EV_IRQHandler                       0x0800032f   Thumb Code     0  startup_stm32f401xc.o(.text)
    I2C2_ER_IRQHandler                       0x0800032f   Thumb Code     0  startup_stm32f401xc.o(.text)
    I2C2_EV_IRQHandler                       0x0800032f   Thumb Code     0  startup_stm32f401xc.o(.text)
    I2C3_ER_IRQHandler                       0x0800032f   Thumb Code     0  startup_stm32f401xc.o(.text)
    I2C3_EV_IRQHandler                       0x0800032f   Thumb Code     0  startup_stm32f401xc.o(.text)
    OTG_FS_IRQHandler                        0x0800032f   Thumb Code     0  startup_stm32f401xc.o(.text)
    OTG_FS_WKUP_IRQHandler                   0x0800032f   Thumb Code     0  startup_stm32f401xc.o(.text)
    PVD_IRQHandler                           0x0800032f   Thumb Code     0  startup_stm32f401xc.o(.text)
    RCC_IRQHandler                           0x0800032f   Thumb Code     0  startup_stm32f401xc.o(.text)
    RTC_Alarm_IRQHandler                     0x0800032f   Thumb Code     0  startup_stm32f401xc.o(.text)
    RTC_WKUP_IRQHandler                      0x0800032f   Thumb Code     0  startup_stm32f401xc.o(.text)
    SDIO_IRQHandler                          0x0800032f   Thumb Code     0  startup_stm32f401xc.o(.text)
    SPI1_IRQHandler                          0x0800032f   Thumb Code     0  startup_stm32f401xc.o(.text)
    SPI2_IRQHandler                          0x0800032f   Thumb Code     0  startup_stm32f401xc.o(.text)
    SPI3_IRQHandler                          0x0800032f   Thumb Code     0  startup_stm32f401xc.o(.text)
    SPI4_IRQHandler                          0x0800032f   Thumb Code     0  startup_stm32f401xc.o(.text)
    TAMP_STAMP_IRQHandler                    0x0800032f   Thumb Code     0  startup_stm32f401xc.o(.text)
    TIM1_BRK_TIM9_IRQHandler                 0x0800032f   Thumb Code     0  startup_stm32f401xc.o(.text)
    TIM1_CC_IRQHandler                       0x0800032f   Thumb Code     0  startup_stm32f401xc.o(.text)
    TIM1_TRG_COM_TIM11_IRQHandler            0x0800032f   Thumb Code     0  startup_stm32f401xc.o(.text)
    TIM2_IRQHandler                          0x0800032f   Thumb Code     0  startup_stm32f401xc.o(.text)
    TIM4_IRQHandler                          0x0800032f   Thumb Code     0  startup_stm32f401xc.o(.text)
    TIM5_IRQHandler                          0x0800032f   Thumb Code     0  startup_stm32f401xc.o(.text)
    USART1_IRQHandler                        0x0800032f   Thumb Code     0  startup_stm32f401xc.o(.text)
    USART2_IRQHandler                        0x0800032f   Thumb Code     0  startup_stm32f401xc.o(.text)
    USART6_IRQHandler                        0x0800032f   Thumb Code     0  startup_stm32f401xc.o(.text)
    WWDG_IRQHandler                          0x0800032f   Thumb Code     0  startup_stm32f401xc.o(.text)
    __user_initial_stackheap                 0x08000331   Thumb Code     0  startup_stm32f401xc.o(.text)
    __aeabi_uldivmod                         0x08000355   Thumb Code     0  lludivv7m.o(.text)
    _ll_udiv                                 0x08000355   Thumb Code   238  lludivv7m.o(.text)
    __aeabi_ldivmod                          0x08000443   Thumb Code     0  llsdiv.o(.text)
    _ll_sdiv                                 0x08000443   Thumb Code    72  llsdiv.o(.text)
    __2sprintf                               0x0800048d   Thumb Code    34  noretval__2sprintf.o(.text)
    _printf_pre_padding                      0x080004b5   Thumb Code    44  _printf_pad.o(.text)
    _printf_post_padding                     0x080004e1   Thumb Code    34  _printf_pad.o(.text)
    _printf_int_dec                          0x08000505   Thumb Code   104  _printf_dec.o(.text)
    __printf                                 0x0800057d   Thumb Code   308  __printf_flags_wp.o(.text)
    __aeabi_memcpy                           0x080006b5   Thumb Code     0  rt_memcpy_v6.o(.text)
    __rt_memcpy                              0x080006b5   Thumb Code   138  rt_memcpy_v6.o(.text)
    _memcpy_lastbytes                        0x0800071b   Thumb Code     0  rt_memcpy_v6.o(.text)
    __aeabi_memcpy4                          0x0800073f   Thumb Code     0  rt_memcpy_w.o(.text)
    __aeabi_memcpy8                          0x0800073f   Thumb Code     0  rt_memcpy_w.o(.text)
    __rt_memcpy_w                            0x0800073f   Thumb Code   100  rt_memcpy_w.o(.text)
    _memcpy_lastbytes_aligned                0x08000787   Thumb Code     0  rt_memcpy_w.o(.text)
    __aeabi_memclr4                          0x080007a3   Thumb Code     0  rt_memclr_w.o(.text)
    __aeabi_memclr8                          0x080007a3   Thumb Code     0  rt_memclr_w.o(.text)
    __rt_memclr_w                            0x080007a3   Thumb Code    78  rt_memclr_w.o(.text)
    _memset_w                                0x080007a7   Thumb Code     0  rt_memclr_w.o(.text)
    __use_two_region_memory                  0x080007f1   Thumb Code     2  heapauxi.o(.text)
    __rt_heap_escrow$2region                 0x080007f3   Thumb Code     2  heapauxi.o(.text)
    __rt_heap_expand$2region                 0x080007f5   Thumb Code     2  heapauxi.o(.text)
    __read_errno                             0x080007f7   Thumb Code    10  _rserrno.o(.text)
    __set_errno                              0x08000801   Thumb Code    12  _rserrno.o(.text)
    _printf_int_common                       0x0800080d   Thumb Code   178  _printf_intcommon.o(.text)
    __lib_sel_fp_printf                      0x080008bf   Thumb Code     2  _printf_fp_dec.o(.text)
    _printf_fp_dec_real                      0x08000a71   Thumb Code   620  _printf_fp_dec.o(.text)
    _printf_char_common                      0x08000ce7   Thumb Code    32  _printf_char_common.o(.text)
    _sputc                                   0x08000d0d   Thumb Code    10  _sputc.o(.text)
    __rt_locale                              0x08000d19   Thumb Code     8  rt_locale_intlibspace.o(.text)
    __aeabi_errno_addr                       0x08000d21   Thumb Code     8  rt_errno_addr_intlibspace.o(.text)
    __errno$intlibspace                      0x08000d21   Thumb Code     0  rt_errno_addr_intlibspace.o(.text)
    __rt_errno_addr$intlibspace              0x08000d21   Thumb Code     0  rt_errno_addr_intlibspace.o(.text)
    _ll_udiv10                               0x08000d29   Thumb Code   138  lludiv10.o(.text)
    _printf_fp_infnan                        0x08000db5   Thumb Code   112  _printf_fp_infnan.o(.text)
    _btod_etento                             0x08000e35   Thumb Code   224  bigflt0.o(.text)
    __user_libspace                          0x08000f19   Thumb Code     8  libspace.o(.text)
    __user_perproc_libspace                  0x08000f19   Thumb Code     0  libspace.o(.text)
    __user_perthread_libspace                0x08000f19   Thumb Code     0  libspace.o(.text)
    __user_setup_stackheap                   0x08000f21   Thumb Code    74  sys_stackheap_outer.o(.text)
    exit                                     0x08000f6b   Thumb Code    18  exit.o(.text)
    strcmp                                   0x08000f7d   Thumb Code   128  strcmpv7m.o(.text)
    _sys_exit                                0x08000ffd   Thumb Code     8  sys_exit.o(.text)
    __I$use$semihosting                      0x08001009   Thumb Code     0  use_no_semi.o(.text)
    __use_no_semihosting_swi                 0x08001009   Thumb Code     2  use_no_semi.o(.text)
    __semihosting_library_function           0x0800100b   Thumb Code     0  indicate_semi.o(.text)
    _btod_d2e                                0x0800100b   Thumb Code    62  btod.o(CL$$btod_d2e)
    _d2e_denorm_low                          0x08001049   Thumb Code    70  btod.o(CL$$btod_d2e_denorm_low)
    _d2e_norm_op1                            0x0800108f   Thumb Code    96  btod.o(CL$$btod_d2e_norm_op1)
    __btod_div_common                        0x080010ef   Thumb Code   696  btod.o(CL$$btod_div_common)
    _e2e                                     0x08001427   Thumb Code   220  btod.o(CL$$btod_e2e)
    _btod_ediv                               0x08001503   Thumb Code    42  btod.o(CL$$btod_ediv)
    _btod_emul                               0x0800152d   Thumb Code    42  btod.o(CL$$btod_emul)
    __btod_mult_common                       0x08001557   Thumb Code   580  btod.o(CL$$btod_mult_common)
    BME280_Init                              0x080018fd   Thumb Code    82  bme280.o(i.BME280_Init)
    BME280_ReadAltitude                      0x08001951   Thumb Code   122  bme280.o(i.BME280_ReadAltitude)
    BME280_ReadCoefficients                  0x080019e9   Thumb Code   122  bme280.o(i.BME280_ReadCoefficients)
    BME280_ReadPressure                      0x08001a69   Thumb Code   556  bme280.o(i.BME280_ReadPressure)
    BME280_ReadReg                           0x08001cad   Thumb Code    18  bme280.o(i.BME280_ReadReg)
    BME280_ReadReg_BE_U24                    0x08001cbf   Thumb Code    46  bme280.o(i.BME280_ReadReg_BE_U24)
    BME280_ReadReg_S16                       0x08001ced   Thumb Code    18  bme280.o(i.BME280_ReadReg_S16)
    BME280_ReadReg_U16                       0x08001cff   Thumb Code    18  bme280.o(i.BME280_ReadReg_U16)
    BME280_ReadStatus                        0x08001d11   Thumb Code    16  bme280.o(i.BME280_ReadStatus)
    BME280_ReadTemperature                   0x08001d21   Thumb Code   248  bme280.o(i.BME280_ReadTemperature)
    BME280_SetFilter                         0x08001e29   Thumb Code    30  bme280.o(i.BME280_SetFilter)
    BME280_SetMode                           0x08001e47   Thumb Code    30  bme280.o(i.BME280_SetMode)
    BME280_SetOversamplingPressure           0x08001e65   Thumb Code    30  bme280.o(i.BME280_SetOversamplingPressure)
    BME280_SetOversamplingTemper             0x08001e83   Thumb Code    30  bme280.o(i.BME280_SetOversamplingTemper)
    BME280_SetStandby                        0x08001ea1   Thumb Code    30  bme280.o(i.BME280_SetStandby)
    BME280_WriteReg                          0x08001ebf   Thumb Code    18  bme280.o(i.BME280_WriteReg)
    BarometerTask                            0x08001ed1   Thumb Code    16  main.o(i.BarometerTask)
    BusFault_Handler                         0x08001ee1   Thumb Code     4  stm32f4xx_it.o(i.BusFault_Handler)
    DebugMon_Handler                         0x08001ee5   Thumb Code     2  stm32f4xx_it.o(i.DebugMon_Handler)
    Error                                    0x08001ee9   Thumb Code    42  bme280.o(i.Error)
    Error_Handler                            0x08001f25   Thumb Code     6  main.o(i.Error_Handler)
    HAL_ADC_ConfigChannel                    0x08001f2d   Thumb Code   380  stm32f4xx_hal_adc.o(i.HAL_ADC_ConfigChannel)
    HAL_ADC_GetValue                         0x080020b9   Thumb Code     8  stm32f4xx_hal_adc.o(i.HAL_ADC_GetValue)
    HAL_ADC_Init                             0x080020c1   Thumb Code   100  stm32f4xx_hal_adc.o(i.HAL_ADC_Init)
    HAL_ADC_MspInit                          0x08002129   Thumb Code   114  stm32f4xx_hal_msp.o(i.HAL_ADC_MspInit)
    HAL_ADC_Start                            0x080021a9   Thumb Code   260  stm32f4xx_hal_adc.o(i.HAL_ADC_Start)
    HAL_Delay                                0x080022bd   Thumb Code    36  stm32f4xx_hal.o(i.HAL_Delay)
    HAL_GPIO_Init                            0x080022e5   Thumb Code   424  stm32f4xx_hal_gpio.o(i.HAL_GPIO_Init)
    HAL_GPIO_ReadPin                         0x080024ad   Thumb Code    16  stm32f4xx_hal_gpio.o(i.HAL_GPIO_ReadPin)
    HAL_GPIO_WritePin                        0x080024bd   Thumb Code    12  stm32f4xx_hal_gpio.o(i.HAL_GPIO_WritePin)
    HAL_GetTick                              0x080024c9   Thumb Code     6  stm32f4xx_hal.o(i.HAL_GetTick)
    HAL_I2C_Init                             0x080024d5   Thumb Code   446  stm32f4xx_hal_i2c.o(i.HAL_I2C_Init)
    HAL_I2C_Mem_Read                         0x080026a5   Thumb Code   744  stm32f4xx_hal_i2c.o(i.HAL_I2C_Mem_Read)
    HAL_I2C_Mem_Write                        0x08002999   Thumb Code   348  stm32f4xx_hal_i2c.o(i.HAL_I2C_Mem_Write)
    HAL_I2C_MspInit                          0x08002afd   Thumb Code   122  stm32f4xx_hal_msp.o(i.HAL_I2C_MspInit)
    HAL_IncTick                              0x08002b85   Thumb Code    16  stm32f4xx_hal.o(i.HAL_IncTick)
    HAL_Init                                 0x08002b9d   Thumb Code    54  stm32f4xx_hal.o(i.HAL_Init)
    HAL_InitTick                             0x08002bd9   Thumb Code   122  stm32f4xx_hal_timebase_tim.o(i.HAL_InitTick)
    HAL_MspInit                              0x08002c65   Thumb Code    78  stm32f4xx_hal_msp.o(i.HAL_MspInit)
    HAL_NVIC_EnableIRQ                       0x08002cb9   Thumb Code    32  stm32f4xx_hal_cortex.o(i.HAL_NVIC_EnableIRQ)
    HAL_NVIC_SetPriority                     0x08002cd9   Thumb Code   124  stm32f4xx_hal_cortex.o(i.HAL_NVIC_SetPriority)
    HAL_NVIC_SetPriorityGrouping             0x08002d55   Thumb Code    32  stm32f4xx_hal_cortex.o(i.HAL_NVIC_SetPriorityGrouping)
    HAL_RCCEx_PeriphCLKConfig                0x08002d7d   Thumb Code   412  stm32f4xx_hal_rcc_ex.o(i.HAL_RCCEx_PeriphCLKConfig)
    HAL_RCC_ClockConfig                      0x08002f31   Thumb Code   368  stm32f4xx_hal_rcc.o(i.HAL_RCC_ClockConfig)
    HAL_RCC_GetClockConfig                   0x080030b5   Thumb Code    58  stm32f4xx_hal_rcc.o(i.HAL_RCC_GetClockConfig)
    HAL_RCC_GetHCLKFreq                      0x080030f9   Thumb Code     6  stm32f4xx_hal_rcc.o(i.HAL_RCC_GetHCLKFreq)
    HAL_RCC_GetPCLK1Freq                     0x08003105   Thumb Code    22  stm32f4xx_hal_rcc.o(i.HAL_RCC_GetPCLK1Freq)
    HAL_RCC_GetPCLK2Freq                     0x08003125   Thumb Code    22  stm32f4xx_hal_rcc.o(i.HAL_RCC_GetPCLK2Freq)
    HAL_RCC_GetSysClockFreq                  0x08003145   Thumb Code   162  stm32f4xx_hal_rcc.o(i.HAL_RCC_GetSysClockFreq)
    HAL_RCC_OscConfig                        0x080031f5   Thumb Code  1172  stm32f4xx_hal_rcc.o(i.HAL_RCC_OscConfig)
    HAL_RTCEx_BKUPRead                       0x08003691   Thumb Code    18  stm32f4xx_hal_rtc_ex.o(i.HAL_RTCEx_BKUPRead)
    HAL_RTCEx_BKUPWrite                      0x080036a3   Thumb Code    18  stm32f4xx_hal_rtc_ex.o(i.HAL_RTCEx_BKUPWrite)
    HAL_RTC_GetDate                          0x080036b5   Thumb Code    72  stm32f4xx_hal_rtc.o(i.HAL_RTC_GetDate)
    HAL_RTC_GetTime                          0x08003701   Thumb Code    88  stm32f4xx_hal_rtc.o(i.HAL_RTC_GetTime)
    HAL_RTC_Init                             0x0800375d   Thumb Code   160  stm32f4xx_hal_rtc.o(i.HAL_RTC_Init)
    HAL_RTC_MspInit                          0x08003801   Thumb Code    52  stm32f4xx_hal_msp.o(i.HAL_RTC_MspInit)
    HAL_RTC_SetDate                          0x0800383d   Thumb Code   188  stm32f4xx_hal_rtc.o(i.HAL_RTC_SetDate)
    HAL_RTC_SetTime                          0x080038fd   Thumb Code   230  stm32f4xx_hal_rtc.o(i.HAL_RTC_SetTime)
    HAL_RTC_WaitForSynchro                   0x080039e9   Thumb Code    58  stm32f4xx_hal_rtc.o(i.HAL_RTC_WaitForSynchro)
    HAL_SPI_Init                             0x08003a23   Thumb Code   200  stm32f4xx_hal_spi.o(i.HAL_SPI_Init)
    HAL_SPI_MspInit                          0x08003aed   Thumb Code   122  stm32f4xx_hal_msp.o(i.HAL_SPI_MspInit)
    HAL_SPI_Transmit                         0x08003b75   Thumb Code   430  stm32f4xx_hal_spi.o(i.HAL_SPI_Transmit)
    HAL_TIMEx_BreakCallback                  0x08003d23   Thumb Code     2  stm32f4xx_hal_tim_ex.o(i.HAL_TIMEx_BreakCallback)
    HAL_TIMEx_CommutCallback                 0x08003d25   Thumb Code     2  stm32f4xx_hal_tim_ex.o(i.HAL_TIMEx_CommutCallback)
    HAL_TIMEx_MasterConfigSynchronization    0x08003d29   Thumb Code   134  stm32f4xx_hal_tim_ex.o(i.HAL_TIMEx_MasterConfigSynchronization)
    HAL_TIM_Base_Init                        0x08003dc5   Thumb Code   102  stm32f4xx_hal_tim.o(i.HAL_TIM_Base_Init)
    HAL_TIM_Base_MspInit                     0x08003e2d   Thumb Code    62  stm32f4xx_hal_msp.o(i.HAL_TIM_Base_MspInit)
    HAL_TIM_Base_Start_IT                    0x08003e75   Thumb Code   122  stm32f4xx_hal_tim.o(i.HAL_TIM_Base_Start_IT)
    HAL_TIM_ConfigClockSource                0x08003f05   Thumb Code   268  stm32f4xx_hal_tim.o(i.HAL_TIM_ConfigClockSource)
    HAL_TIM_IC_CaptureCallback               0x08004011   Thumb Code     2  stm32f4xx_hal_tim.o(i.HAL_TIM_IC_CaptureCallback)
    HAL_TIM_IRQHandler                       0x08004013   Thumb Code   406  stm32f4xx_hal_tim.o(i.HAL_TIM_IRQHandler)
    HAL_TIM_OC_DelayElapsedCallback          0x080041a9   Thumb Code     2  stm32f4xx_hal_tim.o(i.HAL_TIM_OC_DelayElapsedCallback)
    HAL_TIM_PWM_PulseFinishedCallback        0x080041ab   Thumb Code     2  stm32f4xx_hal_tim.o(i.HAL_TIM_PWM_PulseFinishedCallback)
    HAL_TIM_PeriodElapsedCallback            0x080041ad   Thumb Code    18  main.o(i.HAL_TIM_PeriodElapsedCallback)
    HAL_TIM_TriggerCallback                  0x080041c5   Thumb Code     2  stm32f4xx_hal_tim.o(i.HAL_TIM_TriggerCallback)
    HAL_UART_Init                            0x080041c7   Thumb Code   114  stm32f4xx_hal_uart.o(i.HAL_UART_Init)
    HAL_UART_MspInit                         0x08004239   Thumb Code   124  stm32f4xx_hal_msp.o(i.HAL_UART_MspInit)
    HardFault_Handler                        0x080042c1   Thumb Code     4  stm32f4xx_it.o(i.HardFault_Handler)
    MemManage_Handler                        0x08004b71   Thumb Code     4  stm32f4xx_it.o(i.MemManage_Handler)
    NMI_Handler                              0x08004b75   Thumb Code     4  stm32f4xx_it.o(i.NMI_Handler)
    PhotoR_handle                            0x08004b79   Thumb Code   272  photor.o(i.PhotoR_handle)
    Photoresistor_function                   0x08004ca9   Thumb Code    16  main.o(i.Photoresistor_function)
    RTC_Bcd2ToByte                           0x08004cb9   Thumb Code    22  stm32f4xx_hal_rtc.o(i.RTC_Bcd2ToByte)
    RTC_ByteToBcd2                           0x08004ccf   Thumb Code    28  stm32f4xx_hal_rtc.o(i.RTC_ByteToBcd2)
    RTC_EnterInitMode                        0x08004ceb   Thumb Code    74  stm32f4xx_hal_rtc.o(i.RTC_EnterInitMode)
    RTC_ExitInitMode                         0x08004d35   Thumb Code    46  stm32f4xx_hal_rtc.o(i.RTC_ExitInitMode)
    RTC_error                                0x08004d65   Thumb Code    32  rtc.o(i.RTC_error)
    ST7735_DrawPixel                         0x08004ed9   Thumb Code    66  st7735.o(i.ST7735_DrawPixel)
    ST7735_FillRectangle                     0x08004f6d   Thumb Code   164  st7735.o(i.ST7735_FillRectangle)
    ST7735_FillScreen                        0x08005019   Thumb Code    20  st7735.o(i.ST7735_FillScreen)
    ST7735_Init                              0x0800502d   Thumb Code    34  st7735.o(i.ST7735_Init)
    ST7735_Unselect                          0x080050e1   Thumb Code    14  st7735.o(i.ST7735_Unselect)
    ST7735_WriteString                       0x080051e9   Thumb Code   116  st7735.o(i.ST7735_WriteString)
    Show_BME_Values                          0x0800525d   Thumb Code   418  bme280.o(i.Show_BME_Values)
    StartRTC                                 0x0800546d   Thumb Code    94  main.o(i.StartRTC)
    SysTick_Handler                          0x080054e1   Thumb Code    46  port.o(i.SysTick_Handler)
    SystemClock_Config                       0x08005515   Thumb Code   178  main.o(i.SystemClock_Config)
    SystemInit                               0x080055d1   Thumb Code    14  system_stm32f4xx.o(i.SystemInit)
    TIM1_UP_TIM10_IRQHandler                 0x080055e5   Thumb Code    10  stm32f4xx_it.o(i.TIM1_UP_TIM10_IRQHandler)
    TIM3_IRQHandler                          0x080055f5   Thumb Code    60  stm32f4xx_it.o(i.TIM3_IRQHandler)
    TIM_Base_SetConfig                       0x08005641   Thumb Code   134  stm32f4xx_hal_tim.o(i.TIM_Base_SetConfig)
    TIM_ETR_SetConfig                        0x080056e5   Thumb Code    22  stm32f4xx_hal_tim.o(i.TIM_ETR_SetConfig)
    Termo_Station_ini                        0x0800575b   Thumb Code    92  st7735.o(i.Termo_Station_ini)
    UsageFault_Handler                       0x080059e5   Thumb Code     4  stm32f4xx_it.o(i.UsageFault_Handler)
    __ARM_fpclassify                         0x080059e9   Thumb Code    48  fpclassify.o(i.__ARM_fpclassify)
    __hardfp_pow                             0x08005a51   Thumb Code  3072  pow.o(i.__hardfp_pow)
    __kernel_poly                            0x080066a1   Thumb Code   248  poly.o(i.__kernel_poly)
    __mathlib_dbl_divzero                    0x08006799   Thumb Code    28  dunder.o(i.__mathlib_dbl_divzero)
    __mathlib_dbl_infnan2                    0x080067c9   Thumb Code    20  dunder.o(i.__mathlib_dbl_infnan2)
    __mathlib_dbl_invalid                    0x080067e1   Thumb Code    24  dunder.o(i.__mathlib_dbl_invalid)
    __mathlib_dbl_overflow                   0x08006801   Thumb Code    24  dunder.o(i.__mathlib_dbl_overflow)
    __mathlib_dbl_underflow                  0x08006821   Thumb Code    24  dunder.o(i.__mathlib_dbl_underflow)
    _is_digit                                0x08006841   Thumb Code    14  __printf_wp.o(i._is_digit)
    configure_time                           0x08006851   Thumb Code   818  rtc.o(i.configure_time)
    delay_ms                                 0x08006bbd   Thumb Code    34  rtc.o(i.delay_ms)
    fabs                                     0x08006be5   Thumb Code    24  fabs.o(i.fabs)
    get_time                                 0x08006bfd   Thumb Code   322  rtc.o(i.get_time)
    main                                     0x08006d8d   Thumb Code   284  main.o(i.main)
    osDelay                                  0x08006f3f   Thumb Code    24  cmsis_os.o(i.osDelay)
    osKernelStart                            0x08006f57   Thumb Code    10  cmsis_os.o(i.osKernelStart)
    osSemaphoreCreate                        0x08006f61   Thumb Code    74  cmsis_os.o(i.osSemaphoreCreate)
    osSemaphoreRelease                       0x08006fad   Thumb Code    76  cmsis_os.o(i.osSemaphoreRelease)
    osSemaphoreWait                          0x08006ffd   Thumb Code   100  cmsis_os.o(i.osSemaphoreWait)
    osThreadCreate                           0x08007065   Thumb Code    94  cmsis_os.o(i.osThreadCreate)
    pvPortMalloc                             0x080076e1   Thumb Code   306  heap_4.o(i.pvPortMalloc)
    pvTaskIncrementMutexHeldCount            0x0800782d   Thumb Code    26  tasks.o(i.pvTaskIncrementMutexHeldCount)
    pxPortInitialiseStack                    0x0800784d   Thumb Code    38  port.o(i.pxPortInitialiseStack)
    set_time                                 0x08007879   Thumb Code   110  rtc.o(i.set_time)
    sqrt                                     0x080078ed   Thumb Code   110  sqrt.o(i.sqrt)
    uxListRemove                             0x0800795b   Thumb Code    40  list.o(i.uxListRemove)
    vApplicationGetIdleTaskMemory            0x08007985   Thumb Code    14  freertos.o(i.vApplicationGetIdleTaskMemory)
    vListInitialise                          0x0800799d   Thumb Code    26  list.o(i.vListInitialise)
    vListInitialiseItem                      0x080079b7   Thumb Code     6  list.o(i.vListInitialiseItem)
    vListInsert                              0x080079bd   Thumb Code    52  list.o(i.vListInsert)
    vListInsertEnd                           0x080079f1   Thumb Code    24  list.o(i.vListInsertEnd)
    vPortEnterCritical                       0x08007a09   Thumb Code    76  port.o(i.vPortEnterCritical)
    vPortExitCritical                        0x08007a5d   Thumb Code    56  port.o(i.vPortExitCritical)
    vPortFree                                0x08007a99   Thumb Code   150  heap_4.o(i.vPortFree)
    vPortSetupTimerInterrupt                 0x08007b3d   Thumb Code    36  port.o(i.vPortSetupTimerInterrupt)
    vPortValidateInterruptPriority           0x08007b65   Thumb Code   106  port.o(i.vPortValidateInterruptPriority)
    vTaskDelay                               0x08007bdd   Thumb Code    82  tasks.o(i.vTaskDelay)
    vTaskInternalSetTimeOutState             0x08007c39   Thumb Code    14  tasks.o(i.vTaskInternalSetTimeOutState)
    vTaskMissedYield                         0x08007c51   Thumb Code     8  tasks.o(i.vTaskMissedYield)
    vTaskPlaceOnEventList                    0x08007c5d   Thumb Code    52  tasks.o(i.vTaskPlaceOnEventList)
    vTaskPriorityDisinheritAfterTimeout      0x08007c95   Thumb Code   216  tasks.o(i.vTaskPriorityDisinheritAfterTimeout)
    vTaskStartScheduler                      0x08007d79   Thumb Code   146  tasks.o(i.vTaskStartScheduler)
    vTaskSuspendAll                          0x08007e29   Thumb Code    12  tasks.o(i.vTaskSuspendAll)
    vTaskSwitchContext                       0x08007e39   Thumb Code   118  tasks.o(i.vTaskSwitchContext)
    xPortStartScheduler                      0x08007ec5   Thumb Code   330  port.o(i.xPortStartScheduler)
    xQueueGenericCreate                      0x0800802d   Thumb Code    90  queue.o(i.xQueueGenericCreate)
    xQueueGenericCreateStatic                0x08008087   Thumb Code   224  queue.o(i.xQueueGenericCreateStatic)
    xQueueGenericReset                       0x08008169   Thumb Code   146  queue.o(i.xQueueGenericReset)
    xQueueGenericSend                        0x08008201   Thumb Code   420  queue.o(i.xQueueGenericSend)
    xQueueGiveFromISR                        0x080083a9   Thumb Code   224  queue.o(i.xQueueGiveFromISR)
    xQueueReceiveFromISR                     0x08008489   Thumb Code   202  queue.o(i.xQueueReceiveFromISR)
    xQueueSemaphoreTake                      0x08008555   Thumb Code   434  queue.o(i.xQueueSemaphoreTake)
    xTaskCheckForTimeOut                     0x0800870d   Thumb Code   132  tasks.o(i.xTaskCheckForTimeOut)
    xTaskCreate                              0x08008799   Thumb Code   100  tasks.o(i.xTaskCreate)
    xTaskCreateStatic                        0x080087fd   Thumb Code   186  tasks.o(i.xTaskCreateStatic)
    xTaskGetSchedulerState                   0x080088b9   Thumb Code    24  tasks.o(i.xTaskGetSchedulerState)
    xTaskIncrementTick                       0x080088d9   Thumb Code   282  tasks.o(i.xTaskIncrementTick)
    xTaskPriorityDisinherit                  0x08008a21   Thumb Code   188  tasks.o(i.xTaskPriorityDisinherit)
    xTaskPriorityInherit                     0x08008ae9   Thumb Code   172  tasks.o(i.xTaskPriorityInherit)
    xTaskRemoveFromEventList                 0x08008ba1   Thumb Code   128  tasks.o(i.xTaskRemoveFromEventList)
    xTaskResumeAll                           0x08008c39   Thumb Code   224  tasks.o(i.xTaskResumeAll)
    _get_lc_numeric                          0x08008d3d   Thumb Code    44  lc_numeric_c.o(locale$$code)
    __aeabi_dneg                             0x08008d69   Thumb Code     0  basic.o(x$fpl$basic)
    _dneg                                    0x08008d69   Thumb Code     6  basic.o(x$fpl$basic)
    __aeabi_fneg                             0x08008d6f   Thumb Code     0  basic.o(x$fpl$basic)
    _fneg                                    0x08008d6f   Thumb Code     6  basic.o(x$fpl$basic)
    _dabs                                    0x08008d75   Thumb Code     6  basic.o(x$fpl$basic)
    _fabs                                    0x08008d7b   Thumb Code     6  basic.o(x$fpl$basic)
    __aeabi_d2f                              0x08008d81   Thumb Code     0  d2f.o(x$fpl$d2f)
    _d2f                                     0x08008d81   Thumb Code    98  d2f.o(x$fpl$d2f)
    __aeabi_dadd                             0x08008de5   Thumb Code     0  daddsub_clz.o(x$fpl$dadd)
    _dadd                                    0x08008de5   Thumb Code   332  daddsub_clz.o(x$fpl$dadd)
    __fpl_dcheck_NaN1                        0x08008f35   Thumb Code    10  dcheck1.o(x$fpl$dcheck1)
    __fpl_dcmp_Inf                           0x08008f45   Thumb Code    24  dcmpi.o(x$fpl$dcmpinf)
    __aeabi_ddiv                             0x08008f5d   Thumb Code     0  ddiv.o(x$fpl$ddiv)
    _ddiv                                    0x08008f5d   Thumb Code   552  ddiv.o(x$fpl$ddiv)
    __aeabi_i2d                              0x0800920d   Thumb Code     0  dflt_clz.o(x$fpl$dflt)
    _dflt                                    0x0800920d   Thumb Code    46  dflt_clz.o(x$fpl$dflt)
    __aeabi_cdcmple                          0x0800923d   Thumb Code     0  dleqf.o(x$fpl$dleqf)
    _dcmple                                  0x0800923d   Thumb Code   120  dleqf.o(x$fpl$dleqf)
    __fpl_dcmple_InfNaN                      0x0800929f   Thumb Code     0  dleqf.o(x$fpl$dleqf)
    __aeabi_dmul                             0x080092b5   Thumb Code     0  dmul.o(x$fpl$dmul)
    _dmul                                    0x080092b5   Thumb Code   332  dmul.o(x$fpl$dmul)
    __fpl_dnaninf                            0x08009409   Thumb Code   156  dnaninf.o(x$fpl$dnaninf)
    __fpl_dretinf                            0x080094a5   Thumb Code    12  dretinf.o(x$fpl$dretinf)
    __aeabi_cdrcmple                         0x080094b1   Thumb Code     0  drleqf.o(x$fpl$drleqf)
    _drcmple                                 0x080094b1   Thumb Code   108  drleqf.o(x$fpl$drleqf)
    __aeabi_drsub                            0x0800951d   Thumb Code     0  daddsub_clz.o(x$fpl$drsb)
    _drsb                                    0x0800951d   Thumb Code    22  daddsub_clz.o(x$fpl$drsb)
    _dsqrt                                   0x08009535   Thumb Code   404  dsqrt_umaal.o(x$fpl$dsqrt)
    __aeabi_dsub                             0x080096cd   Thumb Code     0  daddsub_clz.o(x$fpl$dsub)
    _dsub                                    0x080096cd   Thumb Code   464  daddsub_clz.o(x$fpl$dsub)
    __aeabi_f2d                              0x080098a1   Thumb Code     0  f2d.o(x$fpl$f2d)
    _f2d                                     0x080098a1   Thumb Code    86  f2d.o(x$fpl$f2d)
    __aeabi_ul2f                             0x080098f7   Thumb Code     0  ffltll_clz.o(x$fpl$ffltll)
    _ll_uto_f                                0x080098f7   Thumb Code     6  ffltll_clz.o(x$fpl$ffltll)
    __aeabi_l2f                              0x080098fd   Thumb Code     0  ffltll_clz.o(x$fpl$ffltll)
    _ll_sto_f                                0x080098fd   Thumb Code    90  ffltll_clz.o(x$fpl$ffltll)
    __fpl_fnaninf                            0x08009957   Thumb Code   140  fnaninf.o(x$fpl$fnaninf)
    _fp_init                                 0x080099e3   Thumb Code    10  fpinit.o(x$fpl$fpinit)
    __fplib_config_fpu_vfp                   0x080099eb   Thumb Code     0  fpinit.o(x$fpl$fpinit)
    __fplib_config_pureend_doubles           0x080099eb   Thumb Code     0  fpinit.o(x$fpl$fpinit)
    __fpl_fretinf                            0x080099ed   Thumb Code    10  fretinf.o(x$fpl$fretinf)
    _printf_fp_dec                           0x080099f7   Thumb Code     4  printf1.o(x$fpl$printf1)
    __fpl_return_NaN                         0x080099fb   Thumb Code   100  retnan.o(x$fpl$retnan)
    __ARM_scalbn                             0x08009a5f   Thumb Code    92  scalbn.o(x$fpl$scalbn)
    __fpl_cmpreturn                          0x08009abb   Thumb Code    48  trapv.o(x$fpl$trapveneer)
    __I$use$fp                               0x08009aea   Number         0  usenofp.o(x$fpl$usenofp)
    AHBPrescTable                            0x0800c514   Data          16  system_stm32f4xx.o(.constdata)
    APBPrescTable                            0x0800c524   Data           8  system_stm32f4xx.o(.constdata)
    __mathlib_zero                           0x0800c5c8   Data           8  qnan.o(.constdata)
    Region$$Table$$Base                      0x0800c684   Number         0  anon$$obj.o(Region$$Table)
    Region$$Table$$Limit                     0x0800c6a4   Number         0  anon$$obj.o(Region$$Table)
    Font_7x10                                0x20000000   Data           8  fonts.o(.data)
    Font_11x18                               0x20000008   Data           8  fonts.o(.data)
    Font_16x26                               0x20000010   Data           8  fonts.o(.data)
    myFont_16x18                             0x20000018   Data           8  fonts.o(.data)
    temper_int                               0x20000020   Data           8  bme280.o(.data)
    tf                                       0x20000028   Data           4  bme280.o(.data)
    pf                                       0x2000002c   Data           4  bme280.o(.data)
    af                                       0x20000030   Data           4  bme280.o(.data)
    hf                                       0x20000034   Data           4  bme280.o(.data)
    photo_val                                0x20000038   Data           4  photor.o(.data)
    BarometerHandle                          0x2000003c   Data           4  main.o(.data)
    PhotoresistorHandle                      0x20000040   Data           4  main.o(.data)
    RTCHandle                                0x20000044   Data           4  main.o(.data)
    myBinarySem01Handle                      0x20000048   Data           4  main.o(.data)
    config                                   0x2000004c   Data           1  main.o(.data)
    btn_pressd_t                             0x20000050   Data           4  stm32f4xx_it.o(.data)
    uwTick                                   0x20000054   Data           4  stm32f4xx_hal.o(.data)
    uwTickPrio                               0x20000058   Data           4  stm32f4xx_hal.o(.data)
    uwTickFreq                               0x2000005c   Data           1  stm32f4xx_hal.o(.data)
    SystemCoreClock                          0x20000060   Data           4  system_stm32f4xx.o(.data)
    pxCurrentTCB                             0x20000064   Data           4  tasks.o(.data)
    CalibData                                0x200000cc   Data          36  bme280.o(.bss)
    hadc1                                    0x200000f0   Data          72  main.o(.bss)
    hi2c1                                    0x20000138   Data          84  main.o(.bss)
    hrtc                                     0x2000018c   Data          32  main.o(.bss)
    hspi1                                    0x200001ac   Data          88  main.o(.bss)
    htim3                                    0x20000204   Data          72  main.o(.bss)
    huart1                                   0x2000024c   Data          68  main.o(.bss)
    RTCBuffer                                0x20000290   Data         512  main.o(.bss)
    RTCControlBlock                          0x20000490   Data          84  main.o(.bss)
    myBinarySem01ControlBlock                0x200004e4   Data          72  main.o(.bss)
    str1                                     0x2000052c   Data         100  main.o(.bss)
    htim1                                    0x200007e4   Data          72  stm32f4xx_hal_timebase_tim.o(.bss)
    __libspace_start                         0x2000451c   Data          96  libspace.o(.bss)
    __temporary_stack_top$libspace           0x2000457c   Data           0  libspace.o(.bss)



==============================================================================

Memory Map of the image

  Image Entry point : 0x08000195

  Load Region LR_IROM1 (Base: 0x08000000, Size: 0x0000c78c, Max: 0x00040000, ABSOLUTE)

    Execution Region ER_IROM1 (Exec base: 0x08000000, Load base: 0x08000000, Size: 0x0000c6c0, Max: 0x00040000, ABSOLUTE)

    Exec Addr    Load Addr    Size         Type   Attr      Idx    E Section Name        Object

    0x08000000   0x08000000   0x00000194   Data   RO            3    RESET               startup_stm32f401xc.o
    0x08000194   0x08000194   0x00000008   Code   RO         6411  * !!!main             c_w.l(__main.o)
    0x0800019c   0x0800019c   0x00000034   Code   RO         6745    !!!scatter          c_w.l(__scatter.o)
    0x080001d0   0x080001d0   0x0000001a   Code   RO         6747    !!handler_copy      c_w.l(__scatter_copy.o)
    0x080001ea   0x080001ea   0x00000002   PAD
    0x080001ec   0x080001ec   0x0000001c   Code   RO         6749    !!handler_zi        c_w.l(__scatter_zi.o)
    0x08000208   0x08000208   0x00000000   Code   RO         6400    .ARM.Collect$$_printf_percent$$00000000  c_w.l(_printf_percent.o)
    0x08000208   0x08000208   0x00000006   Code   RO         6399    .ARM.Collect$$_printf_percent$$00000003  c_w.l(_printf_f.o)
    0x0800020e   0x0800020e   0x00000006   Code   RO         6398    .ARM.Collect$$_printf_percent$$00000009  c_w.l(_printf_d.o)
    0x08000214   0x08000214   0x00000004   Code   RO         6458    .ARM.Collect$$_printf_percent$$00000017  c_w.l(_printf_percent_end.o)
    0x08000218   0x08000218   0x00000002   Code   RO         6610    .ARM.Collect$$libinit$$00000000  c_w.l(libinit.o)
    0x0800021a   0x0800021a   0x00000004   Code   RO         6611    .ARM.Collect$$libinit$$00000001  c_w.l(libinit2.o)
    0x0800021e   0x0800021e   0x00000000   Code   RO         6614    .ARM.Collect$$libinit$$00000004  c_w.l(libinit2.o)
    0x0800021e   0x0800021e   0x00000000   Code   RO         6617    .ARM.Collect$$libinit$$0000000A  c_w.l(libinit2.o)
    0x0800021e   0x0800021e   0x00000000   Code   RO         6619    .ARM.Collect$$libinit$$0000000C  c_w.l(libinit2.o)
    0x0800021e   0x0800021e   0x00000000   Code   RO         6621    .ARM.Collect$$libinit$$0000000E  c_w.l(libinit2.o)
    0x0800021e   0x0800021e   0x00000006   Code   RO         6622    .ARM.Collect$$libinit$$0000000F  c_w.l(libinit2.o)
    0x08000224   0x08000224   0x00000000   Code   RO         6624    .ARM.Collect$$libinit$$00000011  c_w.l(libinit2.o)
    0x08000224   0x08000224   0x00000000   Code   RO         6626    .ARM.Collect$$libinit$$00000013  c_w.l(libinit2.o)
    0x08000224   0x08000224   0x00000000   Code   RO         6628    .ARM.Collect$$libinit$$00000015  c_w.l(libinit2.o)
    0x08000224   0x08000224   0x0000000a   Code   RO         6629    .ARM.Collect$$libinit$$00000016  c_w.l(libinit2.o)
    0x0800022e   0x0800022e   0x00000000   Code   RO         6630    .ARM.Collect$$libinit$$00000017  c_w.l(libinit2.o)
    0x0800022e   0x0800022e   0x00000000   Code   RO         6632    .ARM.Collect$$libinit$$00000019  c_w.l(libinit2.o)
    0x0800022e   0x0800022e   0x00000000   Code   RO         6634    .ARM.Collect$$libinit$$0000001B  c_w.l(libinit2.o)
    0x0800022e   0x0800022e   0x00000000   Code   RO         6636    .ARM.Collect$$libinit$$0000001D  c_w.l(libinit2.o)
    0x0800022e   0x0800022e   0x00000000   Code   RO         6638    .ARM.Collect$$libinit$$0000001F  c_w.l(libinit2.o)
    0x0800022e   0x0800022e   0x00000000   Code   RO         6640    .ARM.Collect$$libinit$$00000021  c_w.l(libinit2.o)
    0x0800022e   0x0800022e   0x00000000   Code   RO         6642    .ARM.Collect$$libinit$$00000023  c_w.l(libinit2.o)
    0x0800022e   0x0800022e   0x00000000   Code   RO         6644    .ARM.Collect$$libinit$$00000025  c_w.l(libinit2.o)
    0x0800022e   0x0800022e   0x00000000   Code   RO         6648    .ARM.Collect$$libinit$$0000002C  c_w.l(libinit2.o)
    0x0800022e   0x0800022e   0x00000000   Code   RO         6650    .ARM.Collect$$libinit$$0000002E  c_w.l(libinit2.o)
    0x0800022e   0x0800022e   0x00000000   Code   RO         6652    .ARM.Collect$$libinit$$00000030  c_w.l(libinit2.o)
    0x0800022e   0x0800022e   0x00000000   Code   RO         6654    .ARM.Collect$$libinit$$00000032  c_w.l(libinit2.o)
    0x0800022e   0x0800022e   0x00000002   Code   RO         6655    .ARM.Collect$$libinit$$00000033  c_w.l(libinit2.o)
    0x08000230   0x08000230   0x00000002   Code   RO         6708    .ARM.Collect$$libshutdown$$00000000  c_w.l(libshutdown.o)
    0x08000232   0x08000232   0x00000000   Code   RO         6726    .ARM.Collect$$libshutdown$$00000002  c_w.l(libshutdown2.o)
    0x08000232   0x08000232   0x00000000   Code   RO         6728    .ARM.Collect$$libshutdown$$00000004  c_w.l(libshutdown2.o)
    0x08000232   0x08000232   0x00000000   Code   RO         6730    .ARM.Collect$$libshutdown$$00000006  c_w.l(libshutdown2.o)
    0x08000232   0x08000232   0x00000000   Code   RO         6733    .ARM.Collect$$libshutdown$$00000009  c_w.l(libshutdown2.o)
    0x08000232   0x08000232   0x00000000   Code   RO         6736    .ARM.Collect$$libshutdown$$0000000C  c_w.l(libshutdown2.o)
    0x08000232   0x08000232   0x00000000   Code   RO         6738    .ARM.Collect$$libshutdown$$0000000E  c_w.l(libshutdown2.o)
    0x08000232   0x08000232   0x00000000   Code   RO         6741    .ARM.Collect$$libshutdown$$00000011  c_w.l(libshutdown2.o)
    0x08000232   0x08000232   0x00000002   Code   RO         6742    .ARM.Collect$$libshutdown$$00000012  c_w.l(libshutdown2.o)
    0x08000234   0x08000234   0x00000000   Code   RO         6443    .ARM.Collect$$rtentry$$00000000  c_w.l(__rtentry.o)
    0x08000234   0x08000234   0x00000000   Code   RO         6524    .ARM.Collect$$rtentry$$00000002  c_w.l(__rtentry2.o)
    0x08000234   0x08000234   0x00000006   Code   RO         6536    .ARM.Collect$$rtentry$$00000004  c_w.l(__rtentry4.o)
    0x0800023a   0x0800023a   0x00000000   Code   RO         6526    .ARM.Collect$$rtentry$$00000009  c_w.l(__rtentry2.o)
    0x0800023a   0x0800023a   0x00000004   Code   RO         6527    .ARM.Collect$$rtentry$$0000000A  c_w.l(__rtentry2.o)
    0x0800023e   0x0800023e   0x00000000   Code   RO         6529    .ARM.Collect$$rtentry$$0000000C  c_w.l(__rtentry2.o)
    0x0800023e   0x0800023e   0x00000008   Code   RO         6530    .ARM.Collect$$rtentry$$0000000D  c_w.l(__rtentry2.o)
    0x08000246   0x08000246   0x00000002   Code   RO         6660    .ARM.Collect$$rtexit$$00000000  c_w.l(rtexit.o)
    0x08000248   0x08000248   0x00000000   Code   RO         6677    .ARM.Collect$$rtexit$$00000002  c_w.l(rtexit2.o)
    0x08000248   0x08000248   0x00000004   Code   RO         6678    .ARM.Collect$$rtexit$$00000003  c_w.l(rtexit2.o)
    0x0800024c   0x0800024c   0x00000006   Code   RO         6679    .ARM.Collect$$rtexit$$00000004  c_w.l(rtexit2.o)
    0x08000252   0x08000252   0x00000002   PAD
    0x08000254   0x08000254   0x000000be   Code   RO         6285    .emb_text           port.o
    0x08000312   0x08000312   0x00000002   PAD
    0x08000314   0x08000314   0x00000040   Code   RO            4    .text               startup_stm32f401xc.o
    0x08000354   0x08000354   0x000000ee   Code   RO         6364    .text               c_w.l(lludivv7m.o)
    0x08000442   0x08000442   0x00000048   Code   RO         6366    .text               c_w.l(llsdiv.o)
    0x0800048a   0x0800048a   0x00000002   PAD
    0x0800048c   0x0800048c   0x00000028   Code   RO         6370    .text               c_w.l(noretval__2sprintf.o)
    0x080004b4   0x080004b4   0x0000004e   Code   RO         6374    .text               c_w.l(_printf_pad.o)
    0x08000502   0x08000502   0x00000002   PAD
    0x08000504   0x08000504   0x00000078   Code   RO         6376    .text               c_w.l(_printf_dec.o)
    0x0800057c   0x0800057c   0x00000138   Code   RO         6390    .text               c_w.l(__printf_flags_wp.o)
    0x080006b4   0x080006b4   0x0000008a   Code   RO         6401    .text               c_w.l(rt_memcpy_v6.o)
    0x0800073e   0x0800073e   0x00000064   Code   RO         6403    .text               c_w.l(rt_memcpy_w.o)
    0x080007a2   0x080007a2   0x0000004e   Code   RO         6407    .text               c_w.l(rt_memclr_w.o)
    0x080007f0   0x080007f0   0x00000006   Code   RO         6409    .text               c_w.l(heapauxi.o)
    0x080007f6   0x080007f6   0x00000016   Code   RO         6448    .text               c_w.l(_rserrno.o)
    0x0800080c   0x0800080c   0x000000b2   Code   RO         6450    .text               c_w.l(_printf_intcommon.o)
    0x080008be   0x080008be   0x0000041e   Code   RO         6452    .text               c_w.l(_printf_fp_dec.o)
    0x08000cdc   0x08000cdc   0x00000030   Code   RO         6454    .text               c_w.l(_printf_char_common.o)
    0x08000d0c   0x08000d0c   0x0000000a   Code   RO         6456    .text               c_w.l(_sputc.o)
    0x08000d16   0x08000d16   0x00000002   PAD
    0x08000d18   0x08000d18   0x00000008   Code   RO         6543    .text               c_w.l(rt_locale_intlibspace.o)
    0x08000d20   0x08000d20   0x00000008   Code   RO         6548    .text               c_w.l(rt_errno_addr_intlibspace.o)
    0x08000d28   0x08000d28   0x0000008a   Code   RO         6550    .text               c_w.l(lludiv10.o)
    0x08000db2   0x08000db2   0x00000002   PAD
    0x08000db4   0x08000db4   0x00000080   Code   RO         6552    .text               c_w.l(_printf_fp_infnan.o)
    0x08000e34   0x08000e34   0x000000e4   Code   RO         6556    .text               c_w.l(bigflt0.o)
    0x08000f18   0x08000f18   0x00000008   Code   RO         6592    .text               c_w.l(libspace.o)
    0x08000f20   0x08000f20   0x0000004a   Code   RO         6595    .text               c_w.l(sys_stackheap_outer.o)
    0x08000f6a   0x08000f6a   0x00000012   Code   RO         6597    .text               c_w.l(exit.o)
    0x08000f7c   0x08000f7c   0x00000080   Code   RO         6603    .text               c_w.l(strcmpv7m.o)
    0x08000ffc   0x08000ffc   0x0000000c   Code   RO         6674    .text               c_w.l(sys_exit.o)
    0x08001008   0x08001008   0x00000002   Code   RO         6695    .text               c_w.l(use_no_semi.o)
    0x0800100a   0x0800100a   0x00000000   Code   RO         6697    .text               c_w.l(indicate_semi.o)
    0x0800100a   0x0800100a   0x0000003e   Code   RO         6559    CL$$btod_d2e        c_w.l(btod.o)
    0x08001048   0x08001048   0x00000046   Code   RO         6561    CL$$btod_d2e_denorm_low  c_w.l(btod.o)
    0x0800108e   0x0800108e   0x00000060   Code   RO         6560    CL$$btod_d2e_norm_op1  c_w.l(btod.o)
    0x080010ee   0x080010ee   0x00000338   Code   RO         6569    CL$$btod_div_common  c_w.l(btod.o)
    0x08001426   0x08001426   0x000000dc   Code   RO         6566    CL$$btod_e2e        c_w.l(btod.o)
    0x08001502   0x08001502   0x0000002a   Code   RO         6563    CL$$btod_ediv       c_w.l(btod.o)
    0x0800152c   0x0800152c   0x0000002a   Code   RO         6562    CL$$btod_emul       c_w.l(btod.o)
    0x08001556   0x08001556   0x00000244   Code   RO         6568    CL$$btod_mult_common  c_w.l(btod.o)
    0x0800179a   0x0800179a   0x00000002   PAD
    0x0800179c   0x0800179c   0x00000160   Code   RO          930    i.ADC_Init          stm32f4xx_hal_adc.o
    0x080018fc   0x080018fc   0x00000052   Code   RO          264    i.BME280_Init       bme280.o
    0x0800194e   0x0800194e   0x00000002   PAD
    0x08001950   0x08001950   0x00000098   Code   RO          265    i.BME280_ReadAltitude  bme280.o
    0x080019e8   0x080019e8   0x00000080   Code   RO          266    i.BME280_ReadCoefficients  bme280.o
    0x08001a68   0x08001a68   0x00000244   Code   RO          268    i.BME280_ReadPressure  bme280.o
    0x08001cac   0x08001cac   0x00000012   Code   RO          269    i.BME280_ReadReg    bme280.o
    0x08001cbe   0x08001cbe   0x0000002e   Code   RO          270    i.BME280_ReadReg_BE_U24  bme280.o
    0x08001cec   0x08001cec   0x00000012   Code   RO          271    i.BME280_ReadReg_S16  bme280.o
    0x08001cfe   0x08001cfe   0x00000012   Code   RO          272    i.BME280_ReadReg_U16  bme280.o
    0x08001d10   0x08001d10   0x00000010   Code   RO          274    i.BME280_ReadStatus  bme280.o
    0x08001d20   0x08001d20   0x00000108   Code   RO          275    i.BME280_ReadTemperature  bme280.o
    0x08001e28   0x08001e28   0x0000001e   Code   RO          276    i.BME280_SetFilter  bme280.o
    0x08001e46   0x08001e46   0x0000001e   Code   RO          277    i.BME280_SetMode    bme280.o
    0x08001e64   0x08001e64   0x0000001e   Code   RO          279    i.BME280_SetOversamplingPressure  bme280.o
    0x08001e82   0x08001e82   0x0000001e   Code   RO          280    i.BME280_SetOversamplingTemper  bme280.o
    0x08001ea0   0x08001ea0   0x0000001e   Code   RO          281    i.BME280_SetStandby  bme280.o
    0x08001ebe   0x08001ebe   0x00000012   Code   RO          282    i.BME280_WriteReg   bme280.o
    0x08001ed0   0x08001ed0   0x00000010   Code   RO          527    i.BarometerTask     main.o
    0x08001ee0   0x08001ee0   0x00000004   Code   RO          719    i.BusFault_Handler  stm32f4xx_it.o
    0x08001ee4   0x08001ee4   0x00000002   Code   RO          720    i.DebugMon_Handler  stm32f4xx_it.o
    0x08001ee6   0x08001ee6   0x00000002   PAD
    0x08001ee8   0x08001ee8   0x0000003c   Code   RO          283    i.Error             bme280.o
    0x08001f24   0x08001f24   0x00000006   Code   RO          528    i.Error_Handler     main.o
    0x08001f2a   0x08001f2a   0x00000002   PAD
    0x08001f2c   0x08001f2c   0x0000018c   Code   RO          932    i.HAL_ADC_ConfigChannel  stm32f4xx_hal_adc.o
    0x080020b8   0x080020b8   0x00000008   Code   RO          939    i.HAL_ADC_GetValue  stm32f4xx_hal_adc.o
    0x080020c0   0x080020c0   0x00000068   Code   RO          941    i.HAL_ADC_Init      stm32f4xx_hal_adc.o
    0x08002128   0x08002128   0x00000080   Code   RO          793    i.HAL_ADC_MspInit   stm32f4xx_hal_msp.o
    0x080021a8   0x080021a8   0x00000114   Code   RO          947    i.HAL_ADC_Start     stm32f4xx_hal_adc.o
    0x080022bc   0x080022bc   0x00000028   Code   RO         2194    i.HAL_Delay         stm32f4xx_hal.o
    0x080022e4   0x080022e4   0x000001c8   Code   RO         1639    i.HAL_GPIO_Init     stm32f4xx_hal_gpio.o
    0x080024ac   0x080024ac   0x00000010   Code   RO         1641    i.HAL_GPIO_ReadPin  stm32f4xx_hal_gpio.o
    0x080024bc   0x080024bc   0x0000000c   Code   RO         1643    i.HAL_GPIO_WritePin  stm32f4xx_hal_gpio.o
    0x080024c8   0x080024c8   0x0000000c   Code   RO         2200    i.HAL_GetTick       stm32f4xx_hal.o
    0x080024d4   0x080024d4   0x000001d0   Code   RO         2456    i.HAL_I2C_Init      stm32f4xx_hal_i2c.o
    0x080026a4   0x080026a4   0x000002f4   Code   RO         2474    i.HAL_I2C_Mem_Read  stm32f4xx_hal_i2c.o
    0x08002998   0x08002998   0x00000164   Code   RO         2477    i.HAL_I2C_Mem_Write  stm32f4xx_hal_i2c.o
    0x08002afc   0x08002afc   0x00000088   Code   RO          795    i.HAL_I2C_MspInit   stm32f4xx_hal_msp.o
    0x08002b84   0x08002b84   0x00000018   Code   RO         2206    i.HAL_IncTick       stm32f4xx_hal.o
    0x08002b9c   0x08002b9c   0x0000003c   Code   RO         2207    i.HAL_Init          stm32f4xx_hal.o
    0x08002bd8   0x08002bd8   0x0000008c   Code   RO          888    i.HAL_InitTick      stm32f4xx_hal_timebase_tim.o
    0x08002c64   0x08002c64   0x00000054   Code   RO          796    i.HAL_MspInit       stm32f4xx_hal_msp.o
    0x08002cb8   0x08002cb8   0x00000020   Code   RO         2052    i.HAL_NVIC_EnableIRQ  stm32f4xx_hal_cortex.o
    0x08002cd8   0x08002cd8   0x0000007c   Code   RO         2058    i.HAL_NVIC_SetPriority  stm32f4xx_hal_cortex.o
    0x08002d54   0x08002d54   0x00000028   Code   RO         2059    i.HAL_NVIC_SetPriorityGrouping  stm32f4xx_hal_cortex.o
    0x08002d7c   0x08002d7c   0x000001b4   Code   RO         1311    i.HAL_RCCEx_PeriphCLKConfig  stm32f4xx_hal_rcc_ex.o
    0x08002f30   0x08002f30   0x00000184   Code   RO         1206    i.HAL_RCC_ClockConfig  stm32f4xx_hal_rcc.o
    0x080030b4   0x080030b4   0x00000044   Code   RO         1210    i.HAL_RCC_GetClockConfig  stm32f4xx_hal_rcc.o
    0x080030f8   0x080030f8   0x0000000c   Code   RO         1211    i.HAL_RCC_GetHCLKFreq  stm32f4xx_hal_rcc.o
    0x08003104   0x08003104   0x00000020   Code   RO         1213    i.HAL_RCC_GetPCLK1Freq  stm32f4xx_hal_rcc.o
    0x08003124   0x08003124   0x00000020   Code   RO         1214    i.HAL_RCC_GetPCLK2Freq  stm32f4xx_hal_rcc.o
    0x08003144   0x08003144   0x000000b0   Code   RO         1215    i.HAL_RCC_GetSysClockFreq  stm32f4xx_hal_rcc.o
    0x080031f4   0x080031f4   0x0000049c   Code   RO         1218    i.HAL_RCC_OscConfig  stm32f4xx_hal_rcc.o
    0x08003690   0x08003690   0x00000012   Code   RO         3122    i.HAL_RTCEx_BKUPRead  stm32f4xx_hal_rtc_ex.o
    0x080036a2   0x080036a2   0x00000012   Code   RO         3123    i.HAL_RTCEx_BKUPWrite  stm32f4xx_hal_rtc_ex.o
    0x080036b4   0x080036b4   0x0000004c   Code   RO         2957    i.HAL_RTC_GetDate   stm32f4xx_hal_rtc.o
    0x08003700   0x08003700   0x0000005c   Code   RO         2959    i.HAL_RTC_GetTime   stm32f4xx_hal_rtc.o
    0x0800375c   0x0800375c   0x000000a4   Code   RO         2960    i.HAL_RTC_Init      stm32f4xx_hal_rtc.o
    0x08003800   0x08003800   0x0000003c   Code   RO          798    i.HAL_RTC_MspInit   stm32f4xx_hal_msp.o
    0x0800383c   0x0800383c   0x000000c0   Code   RO         2966    i.HAL_RTC_SetDate   stm32f4xx_hal_rtc.o
    0x080038fc   0x080038fc   0x000000ec   Code   RO         2967    i.HAL_RTC_SetTime   stm32f4xx_hal_rtc.o
    0x080039e8   0x080039e8   0x0000003a   Code   RO         2968    i.HAL_RTC_WaitForSynchro  stm32f4xx_hal_rtc.o
    0x08003a22   0x08003a22   0x000000c8   Code   RO         3348    i.HAL_SPI_Init      stm32f4xx_hal_spi.o
    0x08003aea   0x08003aea   0x00000002   PAD
    0x08003aec   0x08003aec   0x00000088   Code   RO          800    i.HAL_SPI_MspInit   stm32f4xx_hal_msp.o
    0x08003b74   0x08003b74   0x000001ae   Code   RO         3356    i.HAL_SPI_Transmit  stm32f4xx_hal_spi.o
    0x08003d22   0x08003d22   0x00000002   Code   RO         4376    i.HAL_TIMEx_BreakCallback  stm32f4xx_hal_tim_ex.o
    0x08003d24   0x08003d24   0x00000002   Code   RO         4377    i.HAL_TIMEx_CommutCallback  stm32f4xx_hal_tim_ex.o
    0x08003d26   0x08003d26   0x00000002   PAD
    0x08003d28   0x08003d28   0x0000009c   Code   RO         4395    i.HAL_TIMEx_MasterConfigSynchronization  stm32f4xx_hal_tim_ex.o
    0x08003dc4   0x08003dc4   0x00000066   Code   RO         3661    i.HAL_TIM_Base_Init  stm32f4xx_hal_tim.o
    0x08003e2a   0x08003e2a   0x00000002   PAD
    0x08003e2c   0x08003e2c   0x00000048   Code   RO          802    i.HAL_TIM_Base_MspInit  stm32f4xx_hal_msp.o
    0x08003e74   0x08003e74   0x00000090   Code   RO         3666    i.HAL_TIM_Base_Start_IT  stm32f4xx_hal_tim.o
    0x08003f04   0x08003f04   0x0000010c   Code   RO         3670    i.HAL_TIM_ConfigClockSource  stm32f4xx_hal_tim.o
    0x08004010   0x08004010   0x00000002   Code   RO         3695    i.HAL_TIM_IC_CaptureCallback  stm32f4xx_hal_tim.o
    0x08004012   0x08004012   0x00000196   Code   RO         3709    i.HAL_TIM_IRQHandler  stm32f4xx_hal_tim.o
    0x080041a8   0x080041a8   0x00000002   Code   RO         3712    i.HAL_TIM_OC_DelayElapsedCallback  stm32f4xx_hal_tim.o
    0x080041aa   0x080041aa   0x00000002   Code   RO         3739    i.HAL_TIM_PWM_PulseFinishedCallback  stm32f4xx_hal_tim.o
    0x080041ac   0x080041ac   0x00000018   Code   RO          529    i.HAL_TIM_PeriodElapsedCallback  main.o
    0x080041c4   0x080041c4   0x00000002   Code   RO         3752    i.HAL_TIM_TriggerCallback  stm32f4xx_hal_tim.o
    0x080041c6   0x080041c6   0x00000072   Code   RO         4672    i.HAL_UART_Init     stm32f4xx_hal_uart.o
    0x08004238   0x08004238   0x00000088   Code   RO          804    i.HAL_UART_MspInit  stm32f4xx_hal_msp.o
    0x080042c0   0x080042c0   0x00000004   Code   RO          721    i.HardFault_Handler  stm32f4xx_it.o
    0x080042c4   0x080042c4   0x0000003e   Code   RO         2499    i.I2C_IsAcknowledgeFailed  stm32f4xx_hal_i2c.o
    0x08004302   0x08004302   0x00000002   PAD
    0x08004304   0x08004304   0x00000160   Code   RO         2510    i.I2C_RequestMemoryRead  stm32f4xx_hal_i2c.o
    0x08004464   0x08004464   0x000000e0   Code   RO         2511    i.I2C_RequestMemoryWrite  stm32f4xx_hal_i2c.o
    0x08004544   0x08004544   0x0000005c   Code   RO         2519    i.I2C_WaitOnBTFFlagUntilTimeout  stm32f4xx_hal_i2c.o
    0x080045a0   0x080045a0   0x00000086   Code   RO         2520    i.I2C_WaitOnFlagUntilTimeout  stm32f4xx_hal_i2c.o
    0x08004626   0x08004626   0x000000c4   Code   RO         2521    i.I2C_WaitOnMasterAddressFlagUntilTimeout  stm32f4xx_hal_i2c.o
    0x080046ea   0x080046ea   0x00000080   Code   RO         2522    i.I2C_WaitOnRXNEFlagUntilTimeout  stm32f4xx_hal_i2c.o
    0x0800476a   0x0800476a   0x0000005c   Code   RO         2525    i.I2C_WaitOnTXEFlagUntilTimeout  stm32f4xx_hal_i2c.o
    0x080047c6   0x080047c6   0x00000002   PAD
    0x080047c8   0x080047c8   0x0000003c   Code   RO          284    i.I2Cx_ReadData     bme280.o
    0x08004804   0x08004804   0x00000030   Code   RO          285    i.I2Cx_ReadData16   bme280.o
    0x08004834   0x08004834   0x00000030   Code   RO          286    i.I2Cx_ReadData24   bme280.o
    0x08004864   0x08004864   0x00000034   Code   RO          287    i.I2Cx_WriteData    bme280.o
    0x08004898   0x08004898   0x00000070   Code   RO          530    i.MX_ADC1_Init      main.o
    0x08004908   0x08004908   0x0000010c   Code   RO          531    i.MX_GPIO_Init      main.o
    0x08004a14   0x08004a14   0x0000003c   Code   RO          532    i.MX_I2C1_Init      main.o
    0x08004a50   0x08004a50   0x00000034   Code   RO          533    i.MX_RTC_Init       main.o
    0x08004a84   0x08004a84   0x00000048   Code   RO          534    i.MX_SPI1_Init      main.o
    0x08004acc   0x08004acc   0x0000006c   Code   RO          535    i.MX_TIM3_Init      main.o
    0x08004b38   0x08004b38   0x00000038   Code   RO          536    i.MX_USART1_UART_Init  main.o
    0x08004b70   0x08004b70   0x00000004   Code   RO          722    i.MemManage_Handler  stm32f4xx_it.o
    0x08004b74   0x08004b74   0x00000004   Code   RO          723    i.NMI_Handler       stm32f4xx_it.o
    0x08004b78   0x08004b78   0x00000130   Code   RO          499    i.PhotoR_handle     photor.o
    0x08004ca8   0x08004ca8   0x00000010   Code   RO          537    i.Photoresistor_function  main.o
    0x08004cb8   0x08004cb8   0x00000016   Code   RO         2969    i.RTC_Bcd2ToByte    stm32f4xx_hal_rtc.o
    0x08004cce   0x08004cce   0x0000001c   Code   RO         2970    i.RTC_ByteToBcd2    stm32f4xx_hal_rtc.o
    0x08004cea   0x08004cea   0x0000004a   Code   RO         2971    i.RTC_EnterInitMode  stm32f4xx_hal_rtc.o
    0x08004d34   0x08004d34   0x0000002e   Code   RO         2972    i.RTC_ExitInitMode  stm32f4xx_hal_rtc.o
    0x08004d62   0x08004d62   0x00000002   PAD
    0x08004d64   0x08004d64   0x00000030   Code   RO          447    i.RTC_error         rtc.o
    0x08004d94   0x08004d94   0x0000006c   Code   RO         3386    i.SPI_EndRxTxTransaction  stm32f4xx_hal_spi.o
    0x08004e00   0x08004e00   0x000000d8   Code   RO         3391    i.SPI_WaitFlagStateUntilTimeout  stm32f4xx_hal_spi.o
    0x08004ed8   0x08004ed8   0x00000042   Code   RO           31    i.ST7735_DrawPixel  st7735.o
    0x08004f1a   0x08004f1a   0x00000052   Code   RO           32    i.ST7735_ExecuteCommandList  st7735.o
    0x08004f6c   0x08004f6c   0x000000ac   Code   RO           33    i.ST7735_FillRectangle  st7735.o
    0x08005018   0x08005018   0x00000014   Code   RO           34    i.ST7735_FillScreen  st7735.o
    0x0800502c   0x0800502c   0x00000030   Code   RO           35    i.ST7735_Init       st7735.o
    0x0800505c   0x0800505c   0x00000024   Code   RO           37    i.ST7735_Reset      st7735.o
    0x08005080   0x08005080   0x00000014   Code   RO           38    i.ST7735_Select     st7735.o
    0x08005094   0x08005094   0x0000004a   Code   RO           39    i.ST7735_SetAddressWindow  st7735.o
    0x080050de   0x080050de   0x00000002   PAD
    0x080050e0   0x080050e0   0x00000014   Code   RO           40    i.ST7735_Unselect   st7735.o
    0x080050f4   0x080050f4   0x000000a8   Code   RO           41    i.ST7735_WriteChar  st7735.o
    0x0800519c   0x0800519c   0x00000024   Code   RO           42    i.ST7735_WriteCommand  st7735.o
    0x080051c0   0x080051c0   0x00000028   Code   RO           43    i.ST7735_WriteData  st7735.o
    0x080051e8   0x080051e8   0x00000074   Code   RO           44    i.ST7735_WriteString  st7735.o
    0x0800525c   0x0800525c   0x00000210   Code   RO          288    i.Show_BME_Values   bme280.o
    0x0800546c   0x0800546c   0x00000074   Code   RO          538    i.StartRTC          main.o
    0x080054e0   0x080054e0   0x00000034   Code   RO         6286    i.SysTick_Handler   port.o
    0x08005514   0x08005514   0x000000bc   Code   RO          539    i.SystemClock_Config  main.o
    0x080055d0   0x080055d0   0x00000014   Code   RO         5011    i.SystemInit        system_stm32f4xx.o
    0x080055e4   0x080055e4   0x00000010   Code   RO          724    i.TIM1_UP_TIM10_IRQHandler  stm32f4xx_it.o
    0x080055f4   0x080055f4   0x0000004c   Code   RO          725    i.TIM3_IRQHandler   stm32f4xx_it.o
    0x08005640   0x08005640   0x000000a4   Code   RO         3754    i.TIM_Base_SetConfig  stm32f4xx_hal_tim.o
    0x080056e4   0x080056e4   0x00000016   Code   RO         3765    i.TIM_ETR_SetConfig  stm32f4xx_hal_tim.o
    0x080056fa   0x080056fa   0x00000012   Code   RO         3766    i.TIM_ITRx_SetConfig  stm32f4xx_hal_tim.o
    0x0800570c   0x0800570c   0x00000026   Code   RO         3772    i.TIM_TI1_ConfigInputStage  stm32f4xx_hal_tim.o
    0x08005732   0x08005732   0x00000028   Code   RO         3774    i.TIM_TI2_ConfigInputStage  stm32f4xx_hal_tim.o
    0x0800575a   0x0800575a   0x0000005c   Code   RO           45    i.Termo_Station_ini  st7735.o
    0x080057b6   0x080057b6   0x00000002   PAD
    0x080057b8   0x080057b8   0x0000022c   Code   RO         4699    i.UART_SetConfig    stm32f4xx_hal_uart.o
    0x080059e4   0x080059e4   0x00000004   Code   RO          726    i.UsageFault_Handler  stm32f4xx_it.o
    0x080059e8   0x080059e8   0x00000030   Code   RO         6506    i.__ARM_fpclassify  m_wm.l(fpclassify.o)
    0x08005a18   0x08005a18   0x00000010   Code   RO         2065    i.__NVIC_GetPriorityGrouping  stm32f4xx_hal_cortex.o
    0x08005a28   0x08005a28   0x00000028   Code   RO         2066    i.__NVIC_SetPriority  stm32f4xx_hal_cortex.o
    0x08005a50   0x08005a50   0x00000c50   Code   RO         6429    i.__hardfp_pow      m_wm.l(pow.o)
    0x080066a0   0x080066a0   0x000000f8   Code   RO         6508    i.__kernel_poly     m_wm.l(poly.o)
    0x08006798   0x08006798   0x00000030   Code   RO         6486    i.__mathlib_dbl_divzero  m_wm.l(dunder.o)
    0x080067c8   0x080067c8   0x00000014   Code   RO         6488    i.__mathlib_dbl_infnan2  m_wm.l(dunder.o)
    0x080067dc   0x080067dc   0x00000004   PAD
    0x080067e0   0x080067e0   0x00000020   Code   RO         6489    i.__mathlib_dbl_invalid  m_wm.l(dunder.o)
    0x08006800   0x08006800   0x00000020   Code   RO         6490    i.__mathlib_dbl_overflow  m_wm.l(dunder.o)
    0x08006820   0x08006820   0x00000020   Code   RO         6492    i.__mathlib_dbl_underflow  m_wm.l(dunder.o)
    0x08006840   0x08006840   0x0000000e   Code   RO         6388    i._is_digit         c_w.l(__printf_wp.o)
    0x0800684e   0x0800684e   0x00000002   PAD
    0x08006850   0x08006850   0x0000036c   Code   RO          448    i.configure_time    rtc.o
    0x08006bbc   0x08006bbc   0x00000028   Code   RO          449    i.delay_ms          rtc.o
    0x08006be4   0x08006be4   0x00000018   Code   RO         6502    i.fabs              m_wm.l(fabs.o)
    0x08006bfc   0x08006bfc   0x00000180   Code   RO          450    i.get_time          rtc.o
    0x08006d7c   0x08006d7c   0x00000010   Code   RO         5849    i.inHandlerMode     cmsis_os.o
    0x08006d8c   0x08006d8c   0x000001a4   Code   RO          541    i.main              main.o
    0x08006f30   0x08006f30   0x0000000e   Code   RO         5851    i.makeFreeRtosPriority  cmsis_os.o
    0x08006f3e   0x08006f3e   0x00000018   Code   RO         5853    i.osDelay           cmsis_os.o
    0x08006f56   0x08006f56   0x0000000a   Code   RO         5856    i.osKernelStart     cmsis_os.o
    0x08006f60   0x08006f60   0x0000004a   Code   RO         5882    i.osSemaphoreCreate  cmsis_os.o
    0x08006faa   0x08006faa   0x00000002   PAD
    0x08006fac   0x08006fac   0x00000050   Code   RO         5885    i.osSemaphoreRelease  cmsis_os.o
    0x08006ffc   0x08006ffc   0x00000068   Code   RO         5886    i.osSemaphoreWait   cmsis_os.o
    0x08007064   0x08007064   0x0000005e   Code   RO         5890    i.osThreadCreate    cmsis_os.o
    0x080070c2   0x080070c2   0x00000002   PAD
    0x080070c4   0x080070c4   0x00000098   Code   RO         5522    i.prvAddCurrentTaskToDelayedList  tasks.o
    0x0800715c   0x0800715c   0x000000b4   Code   RO         5523    i.prvAddNewTaskToReadyList  tasks.o
    0x08007210   0x08007210   0x00000048   Code   RO         5524    i.prvCheckTasksWaitingTermination  tasks.o
    0x08007258   0x08007258   0x0000002a   Code   RO         5188    i.prvCopyDataFromQueue  queue.o
    0x08007282   0x08007282   0x0000007e   Code   RO         5189    i.prvCopyDataToQueue  queue.o
    0x08007300   0x08007300   0x00000050   Code   RO         5525    i.prvDeleteTCB      tasks.o
    0x08007350   0x08007350   0x00000014   Code   RO         5190    i.prvGetDisinheritPriorityAfterTimeout  queue.o
    0x08007364   0x08007364   0x0000007c   Code   RO         6218    i.prvHeapInit       heap_4.o
    0x080073e0   0x080073e0   0x00000028   Code   RO         5526    i.prvIdleTask       tasks.o
    0x08007408   0x08007408   0x00000026   Code   RO         5192    i.prvInitialiseNewQueue  queue.o
    0x0800742e   0x0800742e   0x000000b4   Code   RO         5527    i.prvInitialiseNewTask  tasks.o
    0x080074e2   0x080074e2   0x00000002   PAD
    0x080074e4   0x080074e4   0x00000068   Code   RO         5528    i.prvInitialiseTaskLists  tasks.o
    0x0800754c   0x0800754c   0x00000068   Code   RO         6219    i.prvInsertBlockIntoFreeList  heap_4.o
    0x080075b4   0x080075b4   0x0000001a   Code   RO         5193    i.prvIsQueueEmpty   queue.o
    0x080075ce   0x080075ce   0x0000001e   Code   RO         5194    i.prvIsQueueFull    queue.o
    0x080075ec   0x080075ec   0x00000034   Code   RO         5529    i.prvResetNextTaskUnblockTime  tasks.o
    0x08007620   0x08007620   0x00000040   Code   RO         6287    i.prvTaskExitError  port.o
    0x08007660   0x08007660   0x0000007e   Code   RO         5195    i.prvUnlockQueue    queue.o
    0x080076de   0x080076de   0x00000002   PAD
    0x080076e0   0x080076e0   0x0000014c   Code   RO         6220    i.pvPortMalloc      heap_4.o
    0x0800782c   0x0800782c   0x00000020   Code   RO         5531    i.pvTaskIncrementMutexHeldCount  tasks.o
    0x0800784c   0x0800784c   0x0000002c   Code   RO         6288    i.pxPortInitialiseStack  port.o
    0x08007878   0x08007878   0x00000074   Code   RO          451    i.set_time          rtc.o
    0x080078ec   0x080078ec   0x0000006e   Code   RO         6513    i.sqrt              m_wm.l(sqrt.o)
    0x0800795a   0x0800795a   0x00000028   Code   RO         5148    i.uxListRemove      list.o
    0x08007982   0x08007982   0x00000002   PAD
    0x08007984   0x08007984   0x00000018   Code   RO          685    i.vApplicationGetIdleTaskMemory  freertos.o
    0x0800799c   0x0800799c   0x0000001a   Code   RO         5149    i.vListInitialise   list.o
    0x080079b6   0x080079b6   0x00000006   Code   RO         5150    i.vListInitialiseItem  list.o
    0x080079bc   0x080079bc   0x00000034   Code   RO         5151    i.vListInsert       list.o
    0x080079f0   0x080079f0   0x00000018   Code   RO         5152    i.vListInsertEnd    list.o
    0x08007a08   0x08007a08   0x00000054   Code   RO         6290    i.vPortEnterCritical  port.o
    0x08007a5c   0x08007a5c   0x0000003c   Code   RO         6291    i.vPortExitCritical  port.o
    0x08007a98   0x08007a98   0x000000a4   Code   RO         6221    i.vPortFree         heap_4.o
    0x08007b3c   0x08007b3c   0x00000028   Code   RO         6292    i.vPortSetupTimerInterrupt  port.o
    0x08007b64   0x08007b64   0x00000078   Code   RO         6293    i.vPortValidateInterruptPriority  port.o
    0x08007bdc   0x08007bdc   0x0000005c   Code   RO         5538    i.vTaskDelay        tasks.o
    0x08007c38   0x08007c38   0x00000018   Code   RO         5541    i.vTaskInternalSetTimeOutState  tasks.o
    0x08007c50   0x08007c50   0x0000000c   Code   RO         5542    i.vTaskMissedYield  tasks.o
    0x08007c5c   0x08007c5c   0x00000038   Code   RO         5544    i.vTaskPlaceOnEventList  tasks.o
    0x08007c94   0x08007c94   0x000000e4   Code   RO         5546    i.vTaskPriorityDisinheritAfterTimeout  tasks.o
    0x08007d78   0x08007d78   0x000000b0   Code   RO         5551    i.vTaskStartScheduler  tasks.o
    0x08007e28   0x08007e28   0x00000010   Code   RO         5553    i.vTaskSuspendAll   tasks.o
    0x08007e38   0x08007e38   0x0000008c   Code   RO         5554    i.vTaskSwitchContext  tasks.o
    0x08007ec4   0x08007ec4   0x00000168   Code   RO         6294    i.xPortStartScheduler  port.o
    0x0800802c   0x0800802c   0x0000005a   Code   RO         5204    i.xQueueGenericCreate  queue.o
    0x08008086   0x08008086   0x000000e0   Code   RO         5205    i.xQueueGenericCreateStatic  queue.o
    0x08008166   0x08008166   0x00000002   PAD
    0x08008168   0x08008168   0x00000098   Code   RO         5206    i.xQueueGenericReset  queue.o
    0x08008200   0x08008200   0x000001a8   Code   RO         5207    i.xQueueGenericSend  queue.o
    0x080083a8   0x080083a8   0x000000e0   Code   RO         5209    i.xQueueGiveFromISR  queue.o
    0x08008488   0x08008488   0x000000ca   Code   RO         5215    i.xQueueReceiveFromISR  queue.o
    0x08008552   0x08008552   0x00000002   PAD
    0x08008554   0x08008554   0x000001b8   Code   RO         5216    i.xQueueSemaphoreTake  queue.o
    0x0800870c   0x0800870c   0x0000008c   Code   RO         5556    i.xTaskCheckForTimeOut  tasks.o
    0x08008798   0x08008798   0x00000064   Code   RO         5557    i.xTaskCreate       tasks.o
    0x080087fc   0x080087fc   0x000000ba   Code   RO         5558    i.xTaskCreateStatic  tasks.o
    0x080088b6   0x080088b6   0x00000002   PAD
    0x080088b8   0x080088b8   0x00000020   Code   RO         5562    i.xTaskGetSchedulerState  tasks.o
    0x080088d8   0x080088d8   0x00000148   Code   RO         5565    i.xTaskIncrementTick  tasks.o
    0x08008a20   0x08008a20   0x000000c8   Code   RO         5568    i.xTaskPriorityDisinherit  tasks.o
    0x08008ae8   0x08008ae8   0x000000b8   Code   RO         5569    i.xTaskPriorityInherit  tasks.o
    0x08008ba0   0x08008ba0   0x00000098   Code   RO         5570    i.xTaskRemoveFromEventList  tasks.o
    0x08008c38   0x08008c38   0x00000104   Code   RO         5571    i.xTaskResumeAll    tasks.o
    0x08008d3c   0x08008d3c   0x0000002c   Code   RO         6582    locale$$code        c_w.l(lc_numeric_c.o)
    0x08008d68   0x08008d68   0x00000018   Code   RO         6461    x$fpl$basic         fz_wm.l(basic.o)
    0x08008d80   0x08008d80   0x00000062   Code   RO         6413    x$fpl$d2f           fz_wm.l(d2f.o)
    0x08008de2   0x08008de2   0x00000002   PAD
    0x08008de4   0x08008de4   0x00000150   Code   RO         6415    x$fpl$dadd          fz_wm.l(daddsub_clz.o)
    0x08008f34   0x08008f34   0x00000010   Code   RO         6584    x$fpl$dcheck1       fz_wm.l(dcheck1.o)
    0x08008f44   0x08008f44   0x00000018   Code   RO         6656    x$fpl$dcmpinf       fz_wm.l(dcmpi.o)
    0x08008f5c   0x08008f5c   0x000002b0   Code   RO         6464    x$fpl$ddiv          fz_wm.l(ddiv.o)
    0x0800920c   0x0800920c   0x0000002e   Code   RO         6468    x$fpl$dflt          fz_wm.l(dflt_clz.o)
    0x0800923a   0x0800923a   0x00000002   PAD
    0x0800923c   0x0800923c   0x00000078   Code   RO         6586    x$fpl$dleqf         fz_wm.l(dleqf.o)
    0x080092b4   0x080092b4   0x00000154   Code   RO         6421    x$fpl$dmul          fz_wm.l(dmul.o)
    0x08009408   0x08009408   0x0000009c   Code   RO         6473    x$fpl$dnaninf       fz_wm.l(dnaninf.o)
    0x080094a4   0x080094a4   0x0000000c   Code   RO         6475    x$fpl$dretinf       fz_wm.l(dretinf.o)
    0x080094b0   0x080094b0   0x0000006c   Code   RO         6477    x$fpl$drleqf        fz_wm.l(drleqf.o)
    0x0800951c   0x0800951c   0x00000016   Code   RO         6416    x$fpl$drsb          fz_wm.l(daddsub_clz.o)
    0x08009532   0x08009532   0x00000002   PAD
    0x08009534   0x08009534   0x00000198   Code   RO         6588    x$fpl$dsqrt         fz_wm.l(dsqrt_umaal.o)
    0x080096cc   0x080096cc   0x000001d4   Code   RO         6417    x$fpl$dsub          fz_wm.l(daddsub_clz.o)
    0x080098a0   0x080098a0   0x00000056   Code   RO         6423    x$fpl$f2d           fz_wm.l(f2d.o)
    0x080098f6   0x080098f6   0x00000060   Code   RO         6425    x$fpl$ffltll        fz_wm.l(ffltll_clz.o)
    0x08009956   0x08009956   0x0000008c   Code   RO         6479    x$fpl$fnaninf       fz_wm.l(fnaninf.o)
    0x080099e2   0x080099e2   0x0000000a   Code   RO         6670    x$fpl$fpinit        fz_wm.l(fpinit.o)
    0x080099ec   0x080099ec   0x0000000a   Code   RO         6481    x$fpl$fretinf       fz_wm.l(fretinf.o)
    0x080099f6   0x080099f6   0x00000004   Code   RO         6427    x$fpl$printf1       fz_wm.l(printf1.o)
    0x080099fa   0x080099fa   0x00000064   Code   RO         6658    x$fpl$retnan        fz_wm.l(retnan.o)
    0x08009a5e   0x08009a5e   0x0000005c   Code   RO         6483    x$fpl$scalbn        fz_wm.l(scalbn.o)
    0x08009aba   0x08009aba   0x00000030   Code   RO         6672    x$fpl$trapveneer    fz_wm.l(trapv.o)
    0x08009aea   0x08009aea   0x00000000   Code   RO         6485    x$fpl$usenofp       fz_wm.l(usenofp.o)
    0x08009aea   0x08009aea   0x00002958   Data   RO           10    .constdata          fonts.o
    0x0800c442   0x0800c442   0x00000073   Data   RO           46    .constdata          st7735.o
    0x0800c4b5   0x0800c4b5   0x00000003   PAD
    0x0800c4b8   0x0800c4b8   0x0000005c   Data   RO          543    .constdata          main.o
    0x0800c514   0x0800c514   0x00000018   Data   RO         5012    .constdata          system_stm32f4xx.o
    0x0800c52c   0x0800c52c   0x00000011   Data   RO         6391    .constdata          c_w.l(__printf_flags_wp.o)
    0x0800c53d   0x0800c53d   0x00000003   PAD
    0x0800c540   0x0800c540   0x00000088   Data   RO         6432    .constdata          m_wm.l(pow.o)
    0x0800c5c8   0x0800c5c8   0x00000008   Data   RO         6510    .constdata          m_wm.l(qnan.o)
    0x0800c5d0   0x0800c5d0   0x00000094   Data   RO         6557    .constdata          c_w.l(bigflt0.o)
    0x0800c664   0x0800c664   0x0000001e   Data   RO          544    .conststring        main.o
    0x0800c682   0x0800c682   0x00000002   PAD
    0x0800c684   0x0800c684   0x00000020   Data   RO         6743    Region$$Table       anon$$obj.o
    0x0800c6a4   0x0800c6a4   0x0000001c   Data   RO         6581    locale$$data        c_w.l(lc_numeric_c.o)


    Execution Region RW_IRAM1 (Exec base: 0x20000000, Load base: 0x0800c6c0, Size: 0x00004b80, Max: 0x00010000, ABSOLUTE)

    Exec Addr    Load Addr    Size         Type   Attr      Idx    E Section Name        Object

    0x20000000   0x0800c6c0   0x00000020   Data   RW           11    .data               fonts.o
    0x20000020   0x0800c6e0   0x00000018   Data   RW          290    .data               bme280.o
    0x20000038   0x0800c6f8   0x00000004   Data   RW          500    .data               photor.o
    0x2000003c   0x0800c6fc   0x00000011   Data   RW          545    .data               main.o
    0x2000004d   0x0800c70d   0x00000003   PAD
    0x20000050   0x0800c710   0x00000004   Data   RW          727    .data               stm32f4xx_it.o
    0x20000054   0x0800c714   0x00000009   Data   RW         2214    .data               stm32f4xx_hal.o
    0x2000005d   0x0800c71d   0x00000003   PAD
    0x20000060   0x0800c720   0x00000004   Data   RW         5013    .data               system_stm32f4xx.o
    0x20000064   0x0800c724   0x0000003c   Data   RW         5574    .data               tasks.o
    0x200000a0   0x0800c760   0x00000020   Data   RW         6227    .data               heap_4.o
    0x200000c0   0x0800c780   0x0000000c   Data   RW         6295    .data               port.o
    0x200000cc        -       0x00000024   Zero   RW          289    .bss                bme280.o
    0x200000f0        -       0x000004a0   Zero   RW          542    .bss                main.o
    0x20000590        -       0x00000254   Zero   RW          686    .bss                freertos.o
    0x200007e4        -       0x00000048   Zero   RW          891    .bss                stm32f4xx_hal_timebase_tim.o
    0x2000082c        -       0x000000f0   Zero   RW         5573    .bss                tasks.o
    0x2000091c        -       0x00003c00   Zero   RW         6226    .bss                heap_4.o
    0x2000451c        -       0x00000060   Zero   RW         6593    .bss                c_w.l(libspace.o)
    0x2000457c   0x0800c78c   0x00000004   PAD
    0x20004580        -       0x00000200   Zero   RW            2    HEAP                startup_stm32f401xc.o
    0x20004780        -       0x00000400   Zero   RW            1    STACK               startup_stm32f401xc.o


==============================================================================

Image component sizes


      Code (inc. data)   RO Data    RW Data    ZI Data      Debug   Object Name

      2286        222          0         24         36      17088   bme280.o
       416          8          0          0          0      31198   cmsis_os.o
         0          0          0          0          0      20032   event_groups.o
         0          0      10584         32          0       5635   fonts.o
        24         10          0          0        596       1248   freertos.o
       724         74          0         32      15360       7443   heap_4.o
       148          0          0          0          0       3590   list.o
      1514        252        122         17       1184      40876   main.o
       304         32          0          4          0        776   photor.o
      1014         92          0         12          0      12053   port.o
      2164         16          0          0          0      18816   queue.o
      1464        154          0          0          0       3262   rtc.o
       990         52        115          0          0     476990   st7735.o
        64         26        404          0       1536        844   startup_stm32f401xc.o
       136         24          0          9          0       8590   stm32f4xx_hal.o
      1136         44          0          0          0       4230   stm32f4xx_hal_adc.o
       252         22          0          0          0      33698   stm32f4xx_hal_cortex.o
       484         32          0          0          0       2767   stm32f4xx_hal_gpio.o
      2856         46          0          0          0      11682   stm32f4xx_hal_i2c.o
       752         78          0          0          0       5092   stm32f4xx_hal_msp.o
      1888         94          0          0          0       6281   stm32f4xx_hal_rcc.o
       436         24          0          0          0       1416   stm32f4xx_hal_rcc_ex.o
       988         22          0          0          0       7989   stm32f4xx_hal_rtc.o
        36          0          0          0          0       1779   stm32f4xx_hal_rtc_ex.o
       954         14          0          0          0       4350   stm32f4xx_hal_spi.o
      1210         52          0          0          0       9675   stm32f4xx_hal_tim.o
       160         22          0          0          0       2493   stm32f4xx_hal_tim_ex.o
       140         18          0          0         72       1475   stm32f4xx_hal_timebase_tim.o
       670         10          0          0          0       1864   stm32f4xx_hal_uart.o
       114         22          0          4          0       4109   stm32f4xx_it.o
         0          0          0          0          0        416   stream_buffer.o
        20          6         24          4          0       1135   system_stm32f4xx.o
      3218        370          0         60        240      28561   tasks.o

    ----------------------------------------------------------------------
     26602       1838      11286        204      19024     777453   Object Totals
         0          0         32          0          0          0   (incl. Generated)
        40          0          5          6          0          0   (incl. Padding)

    ----------------------------------------------------------------------

      Code (inc. data)   RO Data    RW Data    ZI Data      Debug   Library Member Name

         8          0          0          0          0         68   __main.o
       312          4         17          0          0         92   __printf_flags_wp.o
        14          0          0          0          0         68   __printf_wp.o
         0          0          0          0          0          0   __rtentry.o
        12          0          0          0          0          0   __rtentry2.o
         6          0          0          0          0          0   __rtentry4.o
        52          8          0          0          0          0   __scatter.o
        26          0          0          0          0          0   __scatter_copy.o
        28          0          0          0          0          0   __scatter_zi.o
        48          6          0          0          0         96   _printf_char_common.o
         6          0          0          0          0          0   _printf_d.o
       120         16          0          0          0         92   _printf_dec.o
         6          0          0          0          0          0   _printf_f.o
      1054          0          0          0          0        216   _printf_fp_dec.o
       128         16          0          0          0         84   _printf_fp_infnan.o
       178          0          0          0          0         88   _printf_intcommon.o
        78          0          0          0          0        108   _printf_pad.o
         0          0          0          0          0          0   _printf_percent.o
         4          0          0          0          0          0   _printf_percent_end.o
        22          0          0          0          0        100   _rserrno.o
        10          0          0          0          0         68   _sputc.o
       228          4        148          0          0         96   bigflt0.o
      1936        128          0          0          0        672   btod.o
        18          0          0          0          0         80   exit.o
         6          0          0          0          0        152   heapauxi.o
         0          0          0          0          0          0   indicate_semi.o
        44         10         28          0          0         76   lc_numeric_c.o
         2          0          0          0          0          0   libinit.o
        22          0          0          0          0          0   libinit2.o
         2          0          0          0          0          0   libshutdown.o
         2          0          0          0          0          0   libshutdown2.o
         8          4          0          0         96         68   libspace.o
        72          0          0          0          0         76   llsdiv.o
       138          0          0          0          0         80   lludiv10.o
       238          0          0          0          0        100   lludivv7m.o
        40          6          0          0          0         84   noretval__2sprintf.o
         8          4          0          0          0         68   rt_errno_addr_intlibspace.o
         8          4          0          0          0         68   rt_locale_intlibspace.o
        78          0          0          0          0         80   rt_memclr_w.o
       138          0          0          0          0         68   rt_memcpy_v6.o
       100          0          0          0          0         80   rt_memcpy_w.o
         2          0          0          0          0          0   rtexit.o
        10          0          0          0          0          0   rtexit2.o
       128          0          0          0          0         68   strcmpv7m.o
        12          4          0          0          0         68   sys_exit.o
        74          0          0          0          0         80   sys_stackheap_outer.o
         2          0          0          0          0         68   use_no_semi.o
        24          0          0          0          0        164   basic.o
        98          4          0          0          0        140   d2f.o
       826         16          0          0          0        492   daddsub_clz.o
        16          4          0          0          0        116   dcheck1.o
        24          0          0          0          0        116   dcmpi.o
       688        140          0          0          0        256   ddiv.o
        46          0          0          0          0        116   dflt_clz.o
       120          4          0          0          0        140   dleqf.o
       340         12          0          0          0        152   dmul.o
       156          4          0          0          0        140   dnaninf.o
        12          0          0          0          0        116   dretinf.o
       108          0          0          0          0        128   drleqf.o
       408         56          0          0          0        168   dsqrt_umaal.o
        86          4          0          0          0        132   f2d.o
        96          0          0          0          0        132   ffltll_clz.o
       140          4          0          0          0        132   fnaninf.o
        10          0          0          0          0        116   fpinit.o
        10          0          0          0          0        116   fretinf.o
         4          0          0          0          0        116   printf1.o
       100          0          0          0          0        116   retnan.o
        92          0          0          0          0        116   scalbn.o
        48          0          0          0          0        116   trapv.o
         0          0          0          0          0          0   usenofp.o
       164         44          0          0          0        620   dunder.o
        24          0          0          0          0        124   fabs.o
        48          0          0          0          0        124   fpclassify.o
       248          0          0          0          0        152   poly.o
      3152        296        136          0          0        352   pow.o
         0          0          8          0          0          0   qnan.o
       110          0          0          0          0        148   sqrt.o

    ----------------------------------------------------------------------
     12652        802        340          0        100       8068   Library Totals
        26          0          3          0          4          0   (incl. Padding)

    ----------------------------------------------------------------------

      Code (inc. data)   RO Data    RW Data    ZI Data      Debug   Library Name

      5428        214        193          0         96       3212   c_w.l
      3452        248          0          0          0       3336   fz_wm.l
      3746        340        144          0          0       1520   m_wm.l

    ----------------------------------------------------------------------
     12652        802        340          0        100       8068   Library Totals

    ----------------------------------------------------------------------

==============================================================================


      Code (inc. data)   RO Data    RW Data    ZI Data      Debug   

     39254       2640      11626        204      19124     760053   Grand Totals
     39254       2640      11626        204      19124     760053   ELF Image Totals
     39254       2640      11626        204          0          0   ROM Totals

==============================================================================

    Total RO  Size (Code + RO Data)                50880 (  49.69kB)
    Total RW  Size (RW Data + ZI Data)             19328 (  18.88kB)
    Total ROM Size (Code + RO Data + RW Data)      51084 (  49.89kB)

==============================================================================

